time="14:00:53" level=info msg="Executing Filter  v5.1.3"
time="14:00:53" level=info msg="Processing peptide identification files"
time="14:00:53" level=info msg="Parsing C:\\Users\\Delphine_2026\\FragPipe_results\\immature-spike_run01\\interact-IMMATURES-r007.pep.xml"
time="14:00:53" level=info msg="Parsing C:\\Users\\Delphine_2026\\FragPipe_results\\immature-spike_run01\\interact-IMMATURES-r001.pep.xml"
time="14:00:53" level=info msg="Parsing C:\\Users\\Delphine_2026\\FragPipe_results\\immature-spike_run01\\interact-IMMATURES-r012.pep.xml"
time="14:00:53" level=info msg="Parsing C:\\Users\\Delphine_2026\\FragPipe_results\\immature-spike_run01\\interact-IMMATURES-r002.pep.xml"
time="14:00:54" level=info msg="Parsing C:\\Users\\Delphine_2026\\FragPipe_results\\immature-spike_run01\\interact-IMMATURES-r003.pep.xml"
time="14:00:54" level=info msg="Parsing C:\\Users\\Delphine_2026\\FragPipe_results\\immature-spike_run01\\interact-IMMATURES-r004.pep.xml"
time="14:00:54" level=info msg="Parsing C:\\Users\\Delphine_2026\\FragPipe_results\\immature-spike_run01\\interact-IMMATURES-r005.pep.xml"
time="14:00:54" level=info msg="Parsing C:\\Users\\Delphine_2026\\FragPipe_results\\immature-spike_run01\\interact-IMMATURES-r006.pep.xml"
time="14:00:55" level=info msg="Parsing C:\\Users\\Delphine_2026\\FragPipe_results\\immature-spike_run01\\interact-IMMATURES-r008.pep.xml"
time="14:00:56" level=info msg="Parsing C:\\Users\\Delphine_2026\\FragPipe_results\\immature-spike_run01\\interact-IMMATURES-r009.pep.xml"
time="14:00:56" level=info msg="Parsing C:\\Users\\Delphine_2026\\FragPipe_results\\immature-spike_run01\\interact-IMMATURES-r010.pep.xml"
time="14:00:56" level=info msg="Parsing C:\\Users\\Delphine_2026\\FragPipe_results\\immature-spike_run01\\interact-IMMATURES-r011.pep.xml"
time="14:00:59" level=info msg="1+ Charge profile" decoy=0 target=0
time="14:00:59" level=info msg="2+ Charge profile" decoy=0 target=76117
time="14:00:59" level=info msg="3+ Charge profile" decoy=0 target=54756
time="14:00:59" level=info msg="4+ Charge profile" decoy=0 target=19415
time="14:00:59" level=info msg="5+ Charge profile" decoy=0 target=8344
time="14:00:59" level=info msg="6+ Charge profile" decoy=0 target=0
time="14:01:00" level=info msg="Database search results" ions=43963 peptides=36709 psms=158632
time="14:01:00" level=info msg="Converged to 0.00 % FDR with 158632 PSMs" decoy=0 threshold=0.05 total=158632
time="14:01:00" level=info msg="Converged to 0.00 % FDR with 36708 Peptides" decoy=0 threshold=0.0501 total=36708
time="14:01:00" level=info msg="Converged to 0.00 % FDR with 43963 Ions" decoy=0 threshold=0.05 total=43963
time="14:01:00" level=info msg="Protein inference results" decoy=484 target=17633
time="14:01:00" level=info msg="Converged to 0.15 % FDR with 10948 Proteins" decoy=19 threshold=0 total=10967
time="14:01:01" level=info msg="Applying sequential FDR estimation" ions=43684 peptides=36433 psms=158337
time="14:01:01" level=info msg="158336 PSMs" decoy=0 threshold=0.0501 total=158336
time="14:01:01" level=info msg="36433 Peptides" decoy=0 threshold=0.0501 total=36433
time="14:01:01" level=info msg="43683 Ions" decoy=0 threshold=0.0501 total=43683
time="14:01:01" level=info msg="Post processing identifications"
time="14:01:03" level=info msg="Assigning protein identifications to layers"
time="14:01:16" level=info msg="Processing protein inference"
time="14:01:17" level=info msg="Synchronizing PSMs and proteins"
time="14:01:18" level=info msg="Final report numbers after FDR filtering, and post-processing" ions=43664 peptides=36414 proteins=10948 psms=158264
time="14:01:18" level=info msg=Saving
time="14:01:19" level=info msg=Done
