time="09:34:03" level=info msg="Executing Filter  v5.1.3"
time="09:34:03" level=info msg="Processing peptide identification files"
time="09:34:03" level=info msg="Parsing C:\\Users\\Delphine_2026\\FragPipe_results\\pollen_run01\\interact-POLLEN-r012.pep.xml"
time="09:34:03" level=info msg="Parsing C:\\Users\\Delphine_2026\\FragPipe_results\\pollen_run01\\interact-POLLEN-r002.pep.xml"
time="09:34:03" level=info msg="Parsing C:\\Users\\Delphine_2026\\FragPipe_results\\pollen_run01\\interact-POLLEN-r001.pep.xml"
time="09:34:03" level=info msg="Parsing C:\\Users\\Delphine_2026\\FragPipe_results\\pollen_run01\\interact-POLLEN-r007.pep.xml"
time="09:34:04" level=info msg="Parsing C:\\Users\\Delphine_2026\\FragPipe_results\\pollen_run01\\interact-POLLEN-r009.pep.xml"
time="09:34:04" level=info msg="Parsing C:\\Users\\Delphine_2026\\FragPipe_results\\pollen_run01\\interact-POLLEN-r008.pep.xml"
time="09:34:04" level=info msg="Parsing C:\\Users\\Delphine_2026\\FragPipe_results\\pollen_run01\\interact-POLLEN-r004.pep.xml"
time="09:34:04" level=info msg="Parsing C:\\Users\\Delphine_2026\\FragPipe_results\\pollen_run01\\interact-POLLEN-r003.pep.xml"
time="09:34:04" level=info msg="Parsing C:\\Users\\Delphine_2026\\FragPipe_results\\pollen_run01\\interact-POLLEN-r010.pep.xml"
time="09:34:04" level=info msg="Parsing C:\\Users\\Delphine_2026\\FragPipe_results\\pollen_run01\\interact-POLLEN-r011.pep.xml"
time="09:34:05" level=info msg="Parsing C:\\Users\\Delphine_2026\\FragPipe_results\\pollen_run01\\interact-POLLEN-r005.pep.xml"
time="09:34:05" level=info msg="Parsing C:\\Users\\Delphine_2026\\FragPipe_results\\pollen_run01\\interact-POLLEN-r006.pep.xml"
time="09:34:06" level=info msg="1+ Charge profile" decoy=0 target=0
time="09:34:06" level=info msg="2+ Charge profile" decoy=0 target=38585
time="09:34:06" level=info msg="3+ Charge profile" decoy=0 target=19591
time="09:34:06" level=info msg="4+ Charge profile" decoy=0 target=3045
time="09:34:06" level=info msg="5+ Charge profile" decoy=0 target=594
time="09:34:06" level=info msg="6+ Charge profile" decoy=0 target=0
time="09:34:06" level=info msg="Database search results" ions=15720 peptides=13680 psms=61815
time="09:34:06" level=info msg="Converged to 0.00 % FDR with 61814 PSMs" decoy=0 threshold=0.0503 total=61814
time="09:34:06" level=info msg="Converged to 0.00 % FDR with 13679 Peptides" decoy=0 threshold=0.0505 total=13679
time="09:34:06" level=info msg="Converged to 0.00 % FDR with 15719 Ions" decoy=0 threshold=0.0505 total=15719
time="09:34:06" level=info msg="Protein inference results" decoy=221 target=7788
time="09:34:06" level=info msg="Converged to 0.35 % FDR with 4677 Proteins" decoy=19 threshold=0 total=4696
time="09:34:06" level=info msg="Applying sequential FDR estimation" ions=15652 peptides=13612 psms=61740
time="09:34:06" level=info msg="61739 PSMs" decoy=0 threshold=0.0504 total=61739
time="09:34:06" level=info msg="13612 Peptides" decoy=0 threshold=0.0505 total=13612
time="09:34:06" level=info msg="15652 Ions" decoy=0 threshold=0.0505 total=15652
time="09:34:06" level=info msg="Post processing identifications"
time="09:34:07" level=info msg="Assigning protein identifications to layers"
time="09:34:12" level=info msg="Processing protein inference"
time="09:34:13" level=info msg="Synchronizing PSMs and proteins"
time="09:34:13" level=info msg="Final report numbers after FDR filtering, and post-processing" ions=15633 peptides=13593 proteins=4676 psms=61698
time="09:34:13" level=info msg=Saving
time="09:34:13" level=info msg=Done
