time="13:23:11" level=info msg="Executing Filter  v5.1.3"
time="13:23:11" level=info msg="Processing peptide identification files"
time="13:23:11" level=info msg="Parsing C:\\Users\\Delphine_2026\\FragPipe_results\\endosperm_run01\\interact-ENDO-r012.pep.xml"
time="13:23:11" level=info msg="Parsing C:\\Users\\Delphine_2026\\FragPipe_results\\endosperm_run01\\interact-ENDO-r003.pep.xml"
time="13:23:11" level=info msg="Parsing C:\\Users\\Delphine_2026\\FragPipe_results\\endosperm_run01\\interact-ENDO-r001.pep.xml"
time="13:23:11" level=info msg="Parsing C:\\Users\\Delphine_2026\\FragPipe_results\\endosperm_run01\\interact-ENDO-r002.pep.xml"
time="13:23:12" level=info msg="Parsing C:\\Users\\Delphine_2026\\FragPipe_results\\endosperm_run01\\interact-ENDO-r007.pep.xml"
time="13:23:12" level=info msg="Parsing C:\\Users\\Delphine_2026\\FragPipe_results\\endosperm_run01\\interact-ENDO-r004.pep.xml"
time="13:23:12" level=info msg="Parsing C:\\Users\\Delphine_2026\\FragPipe_results\\endosperm_run01\\interact-ENDO-r005.pep.xml"
time="13:23:12" level=info msg="Parsing C:\\Users\\Delphine_2026\\FragPipe_results\\endosperm_run01\\interact-ENDO-r006.pep.xml"
time="13:23:12" level=info msg="Parsing C:\\Users\\Delphine_2026\\FragPipe_results\\endosperm_run01\\interact-ENDO-r009.pep.xml"
time="13:23:13" level=info msg="Parsing C:\\Users\\Delphine_2026\\FragPipe_results\\endosperm_run01\\interact-ENDO-r008.pep.xml"
time="13:23:13" level=info msg="Parsing C:\\Users\\Delphine_2026\\FragPipe_results\\endosperm_run01\\interact-ENDO-r010.pep.xml"
time="13:23:13" level=info msg="Parsing C:\\Users\\Delphine_2026\\FragPipe_results\\endosperm_run01\\interact-ENDO-r011.pep.xml"
time="13:23:14" level=info msg="1+ Charge profile" decoy=0 target=0
time="13:23:14" level=info msg="2+ Charge profile" decoy=0 target=48203
time="13:23:14" level=info msg="3+ Charge profile" decoy=0 target=24987
time="13:23:14" level=info msg="4+ Charge profile" decoy=0 target=4282
time="13:23:14" level=info msg="5+ Charge profile" decoy=0 target=758
time="13:23:14" level=info msg="6+ Charge profile" decoy=0 target=0
time="13:23:14" level=info msg="Database search results" ions=23061 peptides=20339 psms=78230
time="13:23:14" level=info msg="Converged to 0.00 % FDR with 78230 PSMs" decoy=0 threshold=0.0501 total=78230
time="13:23:14" level=info msg="Converged to 0.00 % FDR with 20339 Peptides" decoy=0 threshold=0.0501 total=20339
time="13:23:14" level=info msg="Converged to 0.00 % FDR with 23061 Ions" decoy=0 threshold=0.0501 total=23061
time="13:23:14" level=info msg="Protein inference results" decoy=377 target=11625
time="13:23:14" level=info msg="Converged to 0.24 % FDR with 7427 Proteins" decoy=21 threshold=0 total=7448
time="13:23:15" level=info msg="Applying sequential FDR estimation" ions=22916 peptides=20195 psms=78061
time="13:23:15" level=info msg="78061 PSMs" decoy=0 threshold=0.0501 total=78061
time="13:23:15" level=info msg="20195 Peptides" decoy=0 threshold=0.0501 total=20195
time="13:23:15" level=info msg="22916 Ions" decoy=0 threshold=0.0501 total=22916
time="13:23:15" level=info msg="Post processing identifications"
time="13:23:16" level=info msg="Assigning protein identifications to layers"
time="13:23:22" level=info msg="Processing protein inference"
time="13:23:23" level=info msg="Synchronizing PSMs and proteins"
time="13:23:24" level=info msg="Final report numbers after FDR filtering, and post-processing" ions=22895 peptides=20174 proteins=7427 psms=78000
time="13:23:24" level=info msg=Saving
time="13:23:24" level=info msg=Done
