time="15:12:16" level=info msg="Executing Filter  v5.1.3"
time="15:12:16" level=info msg="Processing peptide identification files"
time="15:12:16" level=info msg="Parsing C:\\Users\\Delphine_2026\\FragPipe_results\\mature-flag-leaf_run02\\interact-FLAG_HIPH_9.pep.xml"
time="15:12:16" level=info msg="Parsing C:\\Users\\Delphine_2026\\FragPipe_results\\mature-flag-leaf_run02\\interact-FLAG_HIPH_11.pep.xml"
time="15:12:16" level=info msg="Parsing C:\\Users\\Delphine_2026\\FragPipe_results\\mature-flag-leaf_run02\\interact-FLAG_HIPH_1.pep.xml"
time="15:12:16" level=info msg="Parsing C:\\Users\\Delphine_2026\\FragPipe_results\\mature-flag-leaf_run02\\interact-FLAG_HIPH_4.pep.xml"
time="15:12:17" level=info msg="Parsing C:\\Users\\Delphine_2026\\FragPipe_results\\mature-flag-leaf_run02\\interact-FLAG_HIPH_12.pep.xml"
time="15:12:17" level=info msg="Parsing C:\\Users\\Delphine_2026\\FragPipe_results\\mature-flag-leaf_run02\\interact-FLAG_HIPH_2.pep.xml"
time="15:12:17" level=info msg="Parsing C:\\Users\\Delphine_2026\\FragPipe_results\\mature-flag-leaf_run02\\interact-FLAG_HIPH_3.pep.xml"
time="15:12:17" level=info msg="Parsing C:\\Users\\Delphine_2026\\FragPipe_results\\mature-flag-leaf_run02\\interact-FLAG_HIPH_6.pep.xml"
time="15:12:17" level=info msg="Parsing C:\\Users\\Delphine_2026\\FragPipe_results\\mature-flag-leaf_run02\\interact-FLAG_HIPH_5.pep.xml"
time="15:12:17" level=info msg="Parsing C:\\Users\\Delphine_2026\\FragPipe_results\\mature-flag-leaf_run02\\interact-FLAG_HIPH_7.pep.xml"
time="15:12:17" level=info msg="Parsing C:\\Users\\Delphine_2026\\FragPipe_results\\mature-flag-leaf_run02\\interact-FLAG_HIPH_10.pep.xml"
time="15:12:17" level=info msg="Parsing C:\\Users\\Delphine_2026\\FragPipe_results\\mature-flag-leaf_run02\\interact-FLAG_HIPH_8.pep.xml"
time="15:12:20" level=info msg="1+ Charge profile" decoy=0 target=0
time="15:12:20" level=info msg="2+ Charge profile" decoy=0 target=56914
time="15:12:20" level=info msg="3+ Charge profile" decoy=0 target=21854
time="15:12:20" level=info msg="4+ Charge profile" decoy=0 target=1807
time="15:12:20" level=info msg="5+ Charge profile" decoy=0 target=10
time="15:12:20" level=info msg="6+ Charge profile" decoy=0 target=0
time="15:12:20" level=info msg="Database search results" ions=35453 peptides=30214 psms=80585
time="15:12:20" level=info msg="Converged to 0.00 % FDR with 80585 PSMs" decoy=0 threshold=0.05 total=80585
time="15:12:20" level=info msg="Converged to 0.00 % FDR with 30213 Peptides" decoy=0 threshold=0.0501 total=30213
time="15:12:20" level=info msg="Converged to 0.00 % FDR with 35453 Ions" decoy=0 threshold=0.05 total=35453
time="15:12:20" level=info msg="Protein inference results" decoy=616 target=15996
time="15:12:20" level=info msg="Converged to 0.21 % FDR with 9639 Proteins" decoy=26 threshold=0 total=9665
time="15:12:21" level=info msg="Applying sequential FDR estimation" ions=35206 peptides=29967 psms=80328
time="15:12:21" level=info msg="80327 PSMs" decoy=0 threshold=0.0501 total=80327
time="15:12:21" level=info msg="29967 Peptides" decoy=0 threshold=0.0501 total=29967
time="15:12:21" level=info msg="35205 Ions" decoy=0 threshold=0.0501 total=35205
time="15:12:21" level=info msg="Post processing identifications"
time="15:12:22" level=info msg="Assigning protein identifications to layers"
time="15:12:29" level=info msg="Processing protein inference"
time="15:12:30" level=info msg="Synchronizing PSMs and proteins"
time="15:12:30" level=info msg="Final report numbers after FDR filtering, and post-processing" ions=35179 peptides=29941 proteins=9639 psms=80294
time="15:12:30" level=info msg=Saving
time="15:12:31" level=info msg=Done
