time="12:31:59" level=info msg="Executing Filter  v5.1.3"
time="12:31:59" level=info msg="Processing peptide identification files"
time="12:31:59" level=info msg="Parsing C:\\Users\\Delphine_2026\\FragPipe_results\\root-tip_run01\\interact-ROOT_TIPS-r001.pep.xml"
time="12:31:59" level=info msg="Parsing C:\\Users\\Delphine_2026\\FragPipe_results\\root-tip_run01\\interact-ROOT_TIPS-r003.pep.xml"
time="12:31:59" level=info msg="Parsing C:\\Users\\Delphine_2026\\FragPipe_results\\root-tip_run01\\interact-ROOT_TIPS-r012.pep.xml"
time="12:31:59" level=info msg="Parsing C:\\Users\\Delphine_2026\\FragPipe_results\\root-tip_run01\\interact-ROOT_TIPS-r002.pep.xml"
time="12:32:00" level=info msg="Parsing C:\\Users\\Delphine_2026\\FragPipe_results\\root-tip_run01\\interact-ROOT_TIPS-r007.pep.xml"
time="12:32:00" level=info msg="Parsing C:\\Users\\Delphine_2026\\FragPipe_results\\root-tip_run01\\interact-ROOT_TIPS-r004.pep.xml"
time="12:32:00" level=info msg="Parsing C:\\Users\\Delphine_2026\\FragPipe_results\\root-tip_run01\\interact-ROOT_TIPS-r005.pep.xml"
time="12:32:00" level=info msg="Parsing C:\\Users\\Delphine_2026\\FragPipe_results\\root-tip_run01\\interact-ROOT_TIPS-r006.pep.xml"
time="12:32:01" level=info msg="Parsing C:\\Users\\Delphine_2026\\FragPipe_results\\root-tip_run01\\interact-ROOT_TIPS-r009.pep.xml"
time="12:32:02" level=info msg="Parsing C:\\Users\\Delphine_2026\\FragPipe_results\\root-tip_run01\\interact-ROOT_TIPS-r008.pep.xml"
time="12:32:02" level=info msg="Parsing C:\\Users\\Delphine_2026\\FragPipe_results\\root-tip_run01\\interact-ROOT_TIPS-r010.pep.xml"
time="12:32:02" level=info msg="Parsing C:\\Users\\Delphine_2026\\FragPipe_results\\root-tip_run01\\interact-ROOT_TIPS-r011.pep.xml"
time="12:32:04" level=info msg="1+ Charge profile" decoy=0 target=0
time="12:32:04" level=info msg="2+ Charge profile" decoy=0 target=85696
time="12:32:04" level=info msg="3+ Charge profile" decoy=0 target=52845
time="12:32:04" level=info msg="4+ Charge profile" decoy=0 target=12035
time="12:32:04" level=info msg="5+ Charge profile" decoy=0 target=3587
time="12:32:04" level=info msg="6+ Charge profile" decoy=0 target=0
time="12:32:05" level=info msg="Database search results" ions=45314 peptides=38918 psms=154163
time="12:32:05" level=info msg="Converged to 0.00 % FDR with 154162 PSMs" decoy=0 threshold=0.0501 total=154162
time="12:32:05" level=info msg="Converged to 0.00 % FDR with 38917 Peptides" decoy=0 threshold=0.0502 total=38917
time="12:32:05" level=info msg="Converged to 0.00 % FDR with 45313 Ions" decoy=0 threshold=0.0502 total=45313
time="12:32:05" level=info msg="Protein inference results" decoy=494 target=17274
time="12:32:05" level=info msg="Converged to 0.24 % FDR with 10344 Proteins" decoy=26 threshold=0 total=10370
time="12:32:06" level=info msg="Applying sequential FDR estimation" ions=45102 peptides=38707 psms=153943
time="12:32:06" level=info msg="153942 PSMs" decoy=0 threshold=0.0502 total=153942
time="12:32:06" level=info msg="38707 Peptides" decoy=0 threshold=0.0502 total=38707
time="12:32:06" level=info msg="45102 Ions" decoy=0 threshold=0.0502 total=45102
time="12:32:06" level=info msg="Post processing identifications"
time="12:32:08" level=info msg="Assigning protein identifications to layers"
time="12:32:22" level=info msg="Processing protein inference"
time="12:32:23" level=info msg="Synchronizing PSMs and proteins"
time="12:32:24" level=info msg="Final report numbers after FDR filtering, and post-processing" ions=45076 peptides=38681 proteins=10344 psms=153897
time="12:32:24" level=info msg=Saving
time="12:32:25" level=info msg=Done
