time="08:18:22" level=info msg="Executing Filter  v5.1.3"
time="08:18:22" level=info msg="Processing peptide identification files"
time="08:18:22" level=info msg="Parsing C:\\Users\\Delphine_2026\\FragPipe_results\\grain-Z87_run01\\interact-ZADOCKS87_9.pep.xml"
time="08:18:22" level=info msg="Parsing C:\\Users\\Delphine_2026\\FragPipe_results\\grain-Z87_run01\\interact-ZADOCKS87_1.pep.xml"
time="08:18:22" level=info msg="Parsing C:\\Users\\Delphine_2026\\FragPipe_results\\grain-Z87_run01\\interact-ZADOCKS87_11.pep.xml"
time="08:18:22" level=info msg="Parsing C:\\Users\\Delphine_2026\\FragPipe_results\\grain-Z87_run01\\interact-ZADOCKS87_10.pep.xml"
time="08:18:22" level=info msg="Parsing C:\\Users\\Delphine_2026\\FragPipe_results\\grain-Z87_run01\\interact-ZADOCKS87_4.pep.xml"
time="08:18:22" level=info msg="Parsing C:\\Users\\Delphine_2026\\FragPipe_results\\grain-Z87_run01\\interact-ZADOCKS87_12.pep.xml"
time="08:18:23" level=info msg="Parsing C:\\Users\\Delphine_2026\\FragPipe_results\\grain-Z87_run01\\interact-ZADOCKS87_2.pep.xml"
time="08:18:23" level=info msg="Parsing C:\\Users\\Delphine_2026\\FragPipe_results\\grain-Z87_run01\\interact-ZADOCKS87_3.pep.xml"
time="08:18:23" level=info msg="Parsing C:\\Users\\Delphine_2026\\FragPipe_results\\grain-Z87_run01\\interact-ZADOCKS87_6.pep.xml"
time="08:18:23" level=info msg="Parsing C:\\Users\\Delphine_2026\\FragPipe_results\\grain-Z87_run01\\interact-ZADOCKS87_5.pep.xml"
time="08:18:23" level=info msg="Parsing C:\\Users\\Delphine_2026\\FragPipe_results\\grain-Z87_run01\\interact-ZADOCKS87_7.pep.xml"
time="08:18:23" level=info msg="Parsing C:\\Users\\Delphine_2026\\FragPipe_results\\grain-Z87_run01\\interact-ZADOCKS87_8.pep.xml"
time="08:18:25" level=info msg="1+ Charge profile" decoy=0 target=0
time="08:18:25" level=info msg="2+ Charge profile" decoy=0 target=61602
time="08:18:25" level=info msg="3+ Charge profile" decoy=0 target=26267
time="08:18:25" level=info msg="4+ Charge profile" decoy=0 target=3717
time="08:18:25" level=info msg="5+ Charge profile" decoy=0 target=544
time="08:18:25" level=info msg="6+ Charge profile" decoy=0 target=0
time="08:18:25" level=info msg="Database search results" ions=29534 peptides=24963 psms=92130
time="08:18:25" level=info msg="Converged to 0.00 % FDR with 92130 PSMs" decoy=0 threshold=0.05 total=92130
time="08:18:25" level=info msg="Converged to 0.00 % FDR with 24963 Peptides" decoy=0 threshold=0.05 total=24963
time="08:18:25" level=info msg="Converged to 0.00 % FDR with 29534 Ions" decoy=0 threshold=0.05 total=29534
time="08:18:25" level=info msg="Protein inference results" decoy=551 target=15249
time="08:18:25" level=info msg="Converged to 0.33 % FDR with 10389 Proteins" decoy=45 threshold=0 total=10434
time="08:18:26" level=info msg="Applying sequential FDR estimation" ions=29290 peptides=24719 psms=91862
time="08:18:26" level=info msg="91861 PSMs" decoy=0 threshold=0.0501 total=91861
time="08:18:26" level=info msg="24719 Peptides" decoy=0 threshold=0.0501 total=24719
time="08:18:26" level=info msg="29290 Ions" decoy=0 threshold=0.0501 total=29290
time="08:18:26" level=info msg="Post processing identifications"
time="08:18:27" level=info msg="Assigning protein identifications to layers"
time="08:18:34" level=info msg="Processing protein inference"
time="08:18:35" level=info msg="Synchronizing PSMs and proteins"
time="08:18:35" level=info msg="Final report numbers after FDR filtering, and post-processing" ions=29244 peptides=24674 proteins=10389 psms=91779
time="08:18:35" level=info msg=Saving
time="08:18:36" level=info msg=Done
