time="14:35:42" level=info msg="Executing Filter  v5.1.3"
time="14:35:42" level=info msg="Processing peptide identification files"
time="14:35:42" level=info msg="Parsing C:\\Users\\Delphine_2026\\FragPipe_results\\glume_run01\\interact-GLUMES-r012.pep.xml"
time="14:35:42" level=info msg="Parsing C:\\Users\\Delphine_2026\\FragPipe_results\\glume_run01\\interact-GLUMES-r002.pep.xml"
time="14:35:42" level=info msg="Parsing C:\\Users\\Delphine_2026\\FragPipe_results\\glume_run01\\interact-GLUMES-r001.pep.xml"
time="14:35:42" level=info msg="Parsing C:\\Users\\Delphine_2026\\FragPipe_results\\glume_run01\\interact-GLUMES-r007.pep.xml"
time="14:35:43" level=info msg="Parsing C:\\Users\\Delphine_2026\\FragPipe_results\\glume_run01\\interact-GLUMES-r003.pep.xml"
time="14:35:43" level=info msg="Parsing C:\\Users\\Delphine_2026\\FragPipe_results\\glume_run01\\interact-GLUMES-r004.pep.xml"
time="14:35:43" level=info msg="Parsing C:\\Users\\Delphine_2026\\FragPipe_results\\glume_run01\\interact-GLUMES-r005.pep.xml"
time="14:35:43" level=info msg="Parsing C:\\Users\\Delphine_2026\\FragPipe_results\\glume_run01\\interact-GLUMES-r006.pep.xml"
time="14:35:44" level=info msg="Parsing C:\\Users\\Delphine_2026\\FragPipe_results\\glume_run01\\interact-GLUMES-r009.pep.xml"
time="14:35:44" level=info msg="Parsing C:\\Users\\Delphine_2026\\FragPipe_results\\glume_run01\\interact-GLUMES-r008.pep.xml"
time="14:35:44" level=info msg="Parsing C:\\Users\\Delphine_2026\\FragPipe_results\\glume_run01\\interact-GLUMES-r010.pep.xml"
time="14:35:45" level=info msg="Parsing C:\\Users\\Delphine_2026\\FragPipe_results\\glume_run01\\interact-GLUMES-r011.pep.xml"
time="14:35:47" level=info msg="1+ Charge profile" decoy=0 target=0
time="14:35:47" level=info msg="2+ Charge profile" decoy=0 target=81811
time="14:35:47" level=info msg="3+ Charge profile" decoy=0 target=51099
time="14:35:47" level=info msg="4+ Charge profile" decoy=0 target=12837
time="14:35:47" level=info msg="5+ Charge profile" decoy=0 target=3486
time="14:35:47" level=info msg="6+ Charge profile" decoy=0 target=0
time="14:35:47" level=info msg="Database search results" ions=35043 peptides=28934 psms=149233
time="14:35:47" level=info msg="Converged to 0.00 % FDR with 149233 PSMs" decoy=0 threshold=0.05 total=149233
time="14:35:47" level=info msg="Converged to 0.00 % FDR with 28933 Peptides" decoy=0 threshold=0.0501 total=28933
time="14:35:47" level=info msg="Converged to 0.00 % FDR with 35042 Ions" decoy=0 threshold=0.0501 total=35042
time="14:35:47" level=info msg="Protein inference results" decoy=469 target=15413
time="14:35:48" level=info msg="Converged to 0.13 % FDR with 9612 Proteins" decoy=18 threshold=0 total=9630
time="14:35:48" level=info msg="Applying sequential FDR estimation" ions=34807 peptides=28701 psms=148978
time="14:35:48" level=info msg="148977 PSMs" decoy=0 threshold=0.0501 total=148977
time="14:35:48" level=info msg="28701 Peptides" decoy=0 threshold=0.0501 total=28701
time="14:35:48" level=info msg="34807 Ions" decoy=0 threshold=0.0501 total=34807
time="14:35:48" level=info msg="Post processing identifications"
time="14:35:50" level=info msg="Assigning protein identifications to layers"
time="14:36:01" level=info msg="Processing protein inference"
time="14:36:02" level=info msg="Synchronizing PSMs and proteins"
time="14:36:03" level=info msg="Final report numbers after FDR filtering, and post-processing" ions=34789 peptides=28683 proteins=9612 psms=148627
time="14:36:03" level=info msg=Saving
time="14:36:03" level=info msg=Done
