time="20:51:01" level=info msg="Executing Filter  v5.1.3"
time="20:51:01" level=info msg="Processing peptide identification files"
time="20:51:01" level=info msg="Parsing C:\\Users\\Delphine_2026\\FragPipe_results\\grain-Z75_run01\\interact-ZADOCKS75_9.pep.xml"
time="20:51:01" level=info msg="Parsing C:\\Users\\Delphine_2026\\FragPipe_results\\grain-Z75_run01\\interact-ZADOCKS75_10.pep.xml"
time="20:51:01" level=info msg="Parsing C:\\Users\\Delphine_2026\\FragPipe_results\\grain-Z75_run01\\interact-ZADOCKS75_12.pep.xml"
time="20:51:01" level=info msg="Parsing C:\\Users\\Delphine_2026\\FragPipe_results\\grain-Z75_run01\\interact-ZADOCKS75_11.pep.xml"
time="20:51:02" level=info msg="Parsing C:\\Users\\Delphine_2026\\FragPipe_results\\grain-Z75_run01\\interact-ZADOCKS75_5.pep.xml"
time="20:51:02" level=info msg="Parsing C:\\Users\\Delphine_2026\\FragPipe_results\\grain-Z75_run01\\interact-ZADOCKS75_2.pep.xml"
time="20:51:02" level=info msg="Parsing C:\\Users\\Delphine_2026\\FragPipe_results\\grain-Z75_run01\\interact-ZADOCKS75_3.pep.xml"
time="20:51:02" level=info msg="Parsing C:\\Users\\Delphine_2026\\FragPipe_results\\grain-Z75_run01\\interact-ZADOCKS75_4.pep.xml"
time="20:51:02" level=info msg="Parsing C:\\Users\\Delphine_2026\\FragPipe_results\\grain-Z75_run01\\interact-ZADOCKS75_1.pep.xml"
time="20:51:03" level=info msg="Parsing C:\\Users\\Delphine_2026\\FragPipe_results\\grain-Z75_run01\\interact-ZADOCKS75_7.pep.xml"
time="20:51:03" level=info msg="Parsing C:\\Users\\Delphine_2026\\FragPipe_results\\grain-Z75_run01\\interact-ZADOCKS75_6.pep.xml"
time="20:51:03" level=info msg="Parsing C:\\Users\\Delphine_2026\\FragPipe_results\\grain-Z75_run01\\interact-ZADOCKS75_8.pep.xml"
time="20:51:05" level=info msg="1+ Charge profile" decoy=0 target=0
time="20:51:05" level=info msg="2+ Charge profile" decoy=0 target=72733
time="20:51:05" level=info msg="3+ Charge profile" decoy=0 target=19815
time="20:51:05" level=info msg="4+ Charge profile" decoy=0 target=1616
time="20:51:05" level=info msg="5+ Charge profile" decoy=0 target=53
time="20:51:05" level=info msg="6+ Charge profile" decoy=0 target=0
time="20:51:05" level=info msg="Database search results" ions=32111 peptides=27924 psms=94217
time="20:51:05" level=info msg="Converged to 0.00 % FDR with 94216 PSMs" decoy=0 threshold=0.0501 total=94216
time="20:51:05" level=info msg="Converged to 0.00 % FDR with 27923 Peptides" decoy=0 threshold=0.0501 total=27923
time="20:51:05" level=info msg="Converged to 0.00 % FDR with 32110 Ions" decoy=0 threshold=0.0501 total=32110
time="20:51:05" level=info msg="Protein inference results" decoy=670 target=17178
time="20:51:05" level=info msg="Converged to 0.34 % FDR with 11101 Proteins" decoy=48 threshold=0 total=11149
time="20:51:06" level=info msg="Applying sequential FDR estimation" ions=31788 peptides=27603 psms=93878
time="20:51:06" level=info msg="93877 PSMs" decoy=0 threshold=0.0502 total=93877
time="20:51:06" level=info msg="27602 Peptides" decoy=0 threshold=0.0502 total=27602
time="20:51:06" level=info msg="31787 Ions" decoy=0 threshold=0.0502 total=31787
time="20:51:06" level=info msg="Post processing identifications"
time="20:51:07" level=info msg="Assigning protein identifications to layers"
time="20:51:15" level=info msg="Processing protein inference"
time="20:51:16" level=info msg="Synchronizing PSMs and proteins"
time="20:51:16" level=info msg="Final report numbers after FDR filtering, and post-processing" ions=31737 peptides=27552 proteins=11100 psms=93799
time="20:51:16" level=info msg=Saving
time="20:51:17" level=info msg=Done
