time="10:21:08" level=info msg="Executing Filter  v5.1.3"
time="10:21:08" level=info msg="Processing peptide identification files"
time="10:21:08" level=info msg="Parsing C:\\Users\\Delphine_2026\\FragPipe_results\\root_run01\\interact-ROOTS9.pep.xml"
time="10:21:08" level=info msg="Parsing C:\\Users\\Delphine_2026\\FragPipe_results\\root_run01\\interact-ROOTS10.pep.xml"
time="10:21:08" level=info msg="Parsing C:\\Users\\Delphine_2026\\FragPipe_results\\root_run01\\interact-ROOTS11.pep.xml"
time="10:21:08" level=info msg="Parsing C:\\Users\\Delphine_2026\\FragPipe_results\\root_run01\\interact-ROOTS12.pep.xml"
time="10:21:09" level=info msg="Parsing C:\\Users\\Delphine_2026\\FragPipe_results\\root_run01\\interact-ROOTS4.pep.xml"
time="10:21:09" level=info msg="Parsing C:\\Users\\Delphine_2026\\FragPipe_results\\root_run01\\interact-ROOTS1a.pep.xml"
time="10:21:09" level=info msg="Parsing C:\\Users\\Delphine_2026\\FragPipe_results\\root_run01\\interact-ROOTS2.pep.xml"
time="10:21:09" level=info msg="Parsing C:\\Users\\Delphine_2026\\FragPipe_results\\root_run01\\interact-ROOTS3.pep.xml"
time="10:21:09" level=info msg="Parsing C:\\Users\\Delphine_2026\\FragPipe_results\\root_run01\\interact-ROOTS6.pep.xml"
time="10:21:09" level=info msg="Parsing C:\\Users\\Delphine_2026\\FragPipe_results\\root_run01\\interact-ROOTS7.pep.xml"
time="10:21:10" level=info msg="Parsing C:\\Users\\Delphine_2026\\FragPipe_results\\root_run01\\interact-ROOTS8.pep.xml"
time="10:21:10" level=info msg="Parsing C:\\Users\\Delphine_2026\\FragPipe_results\\root_run01\\interact-ROOTS5.pep.xml"
time="10:21:11" level=info msg="1+ Charge profile" decoy=0 target=0
time="10:21:11" level=info msg="2+ Charge profile" decoy=0 target=33066
time="10:21:11" level=info msg="3+ Charge profile" decoy=0 target=19640
time="10:21:11" level=info msg="4+ Charge profile" decoy=0 target=4881
time="10:21:11" level=info msg="5+ Charge profile" decoy=0 target=1058
time="10:21:11" level=info msg="6+ Charge profile" decoy=0 target=0
time="10:21:11" level=info msg="Database search results" ions=25309 peptides=21867 psms=58645
time="10:21:11" level=info msg="Converged to 0.00 % FDR with 58645 PSMs" decoy=0 threshold=0.05 total=58645
time="10:21:11" level=info msg="Converged to 0.00 % FDR with 21867 Peptides" decoy=0 threshold=0.05 total=21867
time="10:21:12" level=info msg="Converged to 0.00 % FDR with 25309 Ions" decoy=0 threshold=0.05 total=25309
time="10:21:12" level=info msg="Protein inference results" decoy=422 target=16019
time="10:21:12" level=info msg="Converged to 0.23 % FDR with 12214 Proteins" decoy=33 threshold=0 total=12247
time="10:21:12" level=info msg="Applying sequential FDR estimation" ions=24858 peptides=21423 psms=58144
time="10:21:12" level=info msg="58144 PSMs" decoy=0 threshold=0.05 total=58144
time="10:21:12" level=info msg="21423 Peptides" decoy=0 threshold=0.0501 total=21423
time="10:21:12" level=info msg="24857 Ions" decoy=0 threshold=0.0501 total=24857
time="10:21:12" level=info msg="Post processing identifications"
time="10:21:13" level=info msg="Assigning protein identifications to layers"
time="10:21:18" level=info msg="Processing protein inference"
time="10:21:19" level=info msg="Synchronizing PSMs and proteins"
time="10:21:19" level=info msg="Final report numbers after FDR filtering, and post-processing" ions=24824 peptides=21390 proteins=12214 psms=58093
time="10:21:19" level=info msg=Saving
time="10:21:19" level=info msg=Done
