time="05:37:17" level=info msg="Executing Filter  v5.1.3"
time="05:37:17" level=info msg="Processing peptide identification files"
time="05:37:17" level=info msg="Parsing C:\\Users\\Delphine_2026\\FragPipe_results\\root_run02\\interact-230308-RD-Root-Trypsin-lys-cHPLC-11_30-1_Slot2-11_1_857.mod.pep.xml"
time="05:37:17" level=info msg="Parsing C:\\Users\\Delphine_2026\\FragPipe_results\\root_run02\\interact-230308-RD-Root-Trypsin-lys-cHPLC-10_30-2_Slot2-10_1_856.mod.pep.xml"
time="05:37:17" level=info msg="Parsing C:\\Users\\Delphine_2026\\FragPipe_results\\root_run02\\interact-230311-RD-Root-Trypsin-lys-cHPLC-30_30-2_Slot1-72_1_913.mod.pep.xml"
time="05:37:17" level=info msg="Parsing C:\\Users\\Delphine_2026\\FragPipe_results\\root_run02\\interact-230308-RD-Root-Trypsin-lys-cHPLC-10_30-1_Slot2-10_1_855.mod.pep.xml"
time="05:37:20" level=info msg="Parsing C:\\Users\\Delphine_2026\\FragPipe_results\\root_run02\\interact-230311-RD-Root-Trypsin-lys-cHPLC-16_30-1_Slot1-58_1_872.mod.pep.xml"
time="05:37:21" level=info msg="Parsing C:\\Users\\Delphine_2026\\FragPipe_results\\root_run02\\interact-230308-RD-Root-Trypsin-lys-cHPLC-11_30-2_Slot2-11_1_858.mod.pep.xml"
time="05:37:21" level=info msg="Parsing C:\\Users\\Delphine_2026\\FragPipe_results\\root_run02\\interact-230308-RD-Root-Trypsin-lys-cHPLC-12_30-1_Slot2-12_1_859.mod.pep.xml"
time="05:37:21" level=info msg="Parsing C:\\Users\\Delphine_2026\\FragPipe_results\\root_run02\\interact-230308-RD-Root-Trypsin-lys-cHPLC-12_30-2_Slot2-12_1_860.mod.pep.xml"
time="05:37:25" level=info msg="Parsing C:\\Users\\Delphine_2026\\FragPipe_results\\root_run02\\interact-230308-RD-Root-Trypsin-lys-cHPLC-1_30-2_Slot2-01_1_825.mod.pep.xml"
time="05:37:26" level=info msg="Parsing C:\\Users\\Delphine_2026\\FragPipe_results\\root_run02\\interact-230308-RD-Root-Trypsin-lys-cHPLC-1_30-3_Slot2-01_1_914.mod.pep.xml"
time="05:37:26" level=info msg="Parsing C:\\Users\\Delphine_2026\\FragPipe_results\\root_run02\\interact-230308-RD-Root-Trypsin-lys-cHPLC-2_30-2_Slot2-02_1_830.mod.pep.xml"
time="05:37:26" level=info msg="Parsing C:\\Users\\Delphine_2026\\FragPipe_results\\root_run02\\interact-230308-RD-Root-Trypsin-lys-cHPLC-2_30-3_Slot2-02_1_915.mod.pep.xml"
time="05:37:29" level=info msg="Parsing C:\\Users\\Delphine_2026\\FragPipe_results\\root_run02\\interact-230308-RD-Root-Trypsin-lys-cHPLC-3_30-1_Slot2-03_1_831.mod.pep.xml"
time="05:37:29" level=info msg="Parsing C:\\Users\\Delphine_2026\\FragPipe_results\\root_run02\\interact-230308-RD-Root-Trypsin-lys-cHPLC-3_30-2_Slot2-03_1_832.mod.pep.xml"
time="05:37:31" level=info msg="Parsing C:\\Users\\Delphine_2026\\FragPipe_results\\root_run02\\interact-230308-RD-Root-Trypsin-lys-cHPLC-4_30-1_Slot2-04_1_833.mod.pep.xml"
time="05:37:31" level=info msg="Parsing C:\\Users\\Delphine_2026\\FragPipe_results\\root_run02\\interact-230308-RD-Root-Trypsin-lys-cHPLC-4_30-2_Slot2-04_1_834.mod.pep.xml"
time="05:37:33" level=info msg="Parsing C:\\Users\\Delphine_2026\\FragPipe_results\\root_run02\\interact-230308-RD-Root-Trypsin-lys-cHPLC-5_30-1_Slot2-05_1_835.mod.pep.xml"
time="05:37:33" level=info msg="Parsing C:\\Users\\Delphine_2026\\FragPipe_results\\root_run02\\interact-230308-RD-Root-Trypsin-lys-cHPLC-5_30-2_Slot2-05_1_836.mod.pep.xml"
time="05:37:35" level=info msg="Parsing C:\\Users\\Delphine_2026\\FragPipe_results\\root_run02\\interact-230308-RD-Root-Trypsin-lys-cHPLC-6_30-1_Slot2-06_1_840.mod.pep.xml"
time="05:37:35" level=info msg="Parsing C:\\Users\\Delphine_2026\\FragPipe_results\\root_run02\\interact-230308-RD-Root-Trypsin-lys-cHPLC-6_30-2_Slot2-06_1_841.mod.pep.xml"
time="05:37:37" level=info msg="Parsing C:\\Users\\Delphine_2026\\FragPipe_results\\root_run02\\interact-230308-RD-Root-Trypsin-lys-cHPLC-7_30-1_Slot2-07_1_842.mod.pep.xml"
time="05:37:37" level=info msg="Parsing C:\\Users\\Delphine_2026\\FragPipe_results\\root_run02\\interact-230308-RD-Root-Trypsin-lys-cHPLC-7_30-2_Slot2-07_1_843.mod.pep.xml"
time="05:37:38" level=info msg="Parsing C:\\Users\\Delphine_2026\\FragPipe_results\\root_run02\\interact-230308-RD-Root-Trypsin-lys-cHPLC-8_30-1_Slot2-08_1_844.mod.pep.xml"
time="05:37:38" level=info msg="Parsing C:\\Users\\Delphine_2026\\FragPipe_results\\root_run02\\interact-230308-RD-Root-Trypsin-lys-cHPLC-8_30-2_Slot2-08_1_845.mod.pep.xml"
time="05:37:39" level=info msg="Parsing C:\\Users\\Delphine_2026\\FragPipe_results\\root_run02\\interact-230308-RD-Root-Trypsin-lys-cHPLC-9_30-1_Slot2-09_1_853.mod.pep.xml"
time="05:37:40" level=info msg="Parsing C:\\Users\\Delphine_2026\\FragPipe_results\\root_run02\\interact-230308-RD-Root-Trypsin-lys-cHPLC-9_30-2_Slot2-09_1_854.mod.pep.xml"
time="05:37:41" level=info msg="Parsing C:\\Users\\Delphine_2026\\FragPipe_results\\root_run02\\interact-230311-RD-Root-Trypsin-lys-cHPLC-13_30-1_Slot1-55_1_866.mod.pep.xml"
time="05:37:41" level=info msg="Parsing C:\\Users\\Delphine_2026\\FragPipe_results\\root_run02\\interact-230311-RD-Root-Trypsin-lys-cHPLC-13_30-2_Slot1-55_1_867.mod.pep.xml"
time="05:37:43" level=info msg="Parsing C:\\Users\\Delphine_2026\\FragPipe_results\\root_run02\\interact-230311-RD-Root-Trypsin-lys-cHPLC-14_30-1_Slot1-56_1_868.mod.pep.xml"
time="05:37:43" level=info msg="Parsing C:\\Users\\Delphine_2026\\FragPipe_results\\root_run02\\interact-230311-RD-Root-Trypsin-lys-cHPLC-14_30-2_Slot1-56_1_869.mod.pep.xml"
time="05:37:46" level=info msg="Parsing C:\\Users\\Delphine_2026\\FragPipe_results\\root_run02\\interact-230311-RD-Root-Trypsin-lys-cHPLC-15_30-1_Slot1-57_1_870.mod.pep.xml"
time="05:37:46" level=info msg="Parsing C:\\Users\\Delphine_2026\\FragPipe_results\\root_run02\\interact-230311-RD-Root-Trypsin-lys-cHPLC-15_30-2_Slot1-57_1_871.mod.pep.xml"
time="05:37:48" level=info msg="Parsing C:\\Users\\Delphine_2026\\FragPipe_results\\root_run02\\interact-230311-RD-Root-Trypsin-lys-cHPLC-23_30-1_Slot1-65_1_892.mod.pep.xml"
time="05:37:48" level=info msg="Parsing C:\\Users\\Delphine_2026\\FragPipe_results\\root_run02\\interact-230311-RD-Root-Trypsin-lys-cHPLC-16_30-2_Slot1-58_1_873.mod.pep.xml"
time="05:37:50" level=info msg="Parsing C:\\Users\\Delphine_2026\\FragPipe_results\\root_run02\\interact-230311-RD-Root-Trypsin-lys-cHPLC-17_30-1_Slot1-59_1_877.mod.pep.xml"
time="05:37:51" level=info msg="Parsing C:\\Users\\Delphine_2026\\FragPipe_results\\root_run02\\interact-230311-RD-Root-Trypsin-lys-cHPLC-17_30-2_Slot1-59_1_878.mod.pep.xml"
time="05:37:51" level=info msg="Parsing C:\\Users\\Delphine_2026\\FragPipe_results\\root_run02\\interact-230311-RD-Root-Trypsin-lys-cHPLC-18_30-1_Slot1-60_1_879.mod.pep.xml"
time="05:37:54" level=info msg="Parsing C:\\Users\\Delphine_2026\\FragPipe_results\\root_run02\\interact-230311-RD-Root-Trypsin-lys-cHPLC-18_30-2_Slot1-60_1_880.mod.pep.xml"
time="05:37:57" level=info msg="Parsing C:\\Users\\Delphine_2026\\FragPipe_results\\root_run02\\interact-230311-RD-Root-Trypsin-lys-cHPLC-19_30-1_Slot1-61_1_881.mod.pep.xml"
time="05:37:58" level=info msg="Parsing C:\\Users\\Delphine_2026\\FragPipe_results\\root_run02\\interact-230311-RD-Root-Trypsin-lys-cHPLC-19_30-2_Slot1-61_1_882.mod.pep.xml"
time="05:37:58" level=info msg="Parsing C:\\Users\\Delphine_2026\\FragPipe_results\\root_run02\\interact-230311-RD-Root-Trypsin-lys-cHPLC-20_30-1_Slot1-62_1_883.mod.pep.xml"
time="05:38:01" level=info msg="Parsing C:\\Users\\Delphine_2026\\FragPipe_results\\root_run02\\interact-230311-RD-Root-Trypsin-lys-cHPLC-20_30-2_Slot1-62_1_884.mod.pep.xml"
time="05:38:03" level=info msg="Parsing C:\\Users\\Delphine_2026\\FragPipe_results\\root_run02\\interact-230311-RD-Root-Trypsin-lys-cHPLC-21_30-1_Slot1-63_1_888.mod.pep.xml"
time="05:38:04" level=info msg="Parsing C:\\Users\\Delphine_2026\\FragPipe_results\\root_run02\\interact-230311-RD-Root-Trypsin-lys-cHPLC-21_30-2_Slot1-63_1_889.mod.pep.xml"
time="05:38:04" level=info msg="Parsing C:\\Users\\Delphine_2026\\FragPipe_results\\root_run02\\interact-230311-RD-Root-Trypsin-lys-cHPLC-22_30-1_Slot1-64_1_890.mod.pep.xml"
time="05:38:04" level=info msg="Parsing C:\\Users\\Delphine_2026\\FragPipe_results\\root_run02\\interact-230311-RD-Root-Trypsin-lys-cHPLC-22_30-2_Slot1-64_1_891.mod.pep.xml"
time="05:38:04" level=info msg="Parsing C:\\Users\\Delphine_2026\\FragPipe_results\\root_run02\\interact-230311-RD-Root-Trypsin-lys-cHPLC-26_30-2_Slot1-68_1_902.mod.pep.xml"
time="05:38:05" level=info msg="Parsing C:\\Users\\Delphine_2026\\FragPipe_results\\root_run02\\interact-230311-RD-Root-Trypsin-lys-cHPLC-23_30-2_Slot1-65_1_893.mod.pep.xml"
time="05:38:05" level=info msg="Parsing C:\\Users\\Delphine_2026\\FragPipe_results\\root_run02\\interact-230311-RD-Root-Trypsin-lys-cHPLC-24_30-1_Slot1-66_1_894.mod.pep.xml"
time="05:38:06" level=info msg="Parsing C:\\Users\\Delphine_2026\\FragPipe_results\\root_run02\\interact-230311-RD-Root-Trypsin-lys-cHPLC-24_30-2_Slot1-66_1_895.mod.pep.xml"
time="05:38:06" level=info msg="Parsing C:\\Users\\Delphine_2026\\FragPipe_results\\root_run02\\interact-230311-RD-Root-Trypsin-lys-cHPLC-25_30-1_Slot1-67_1_899.mod.pep.xml"
time="05:38:07" level=info msg="Parsing C:\\Users\\Delphine_2026\\FragPipe_results\\root_run02\\interact-230311-RD-Root-Trypsin-lys-cHPLC-25_30-2_Slot1-67_1_900.mod.pep.xml"
time="05:38:07" level=info msg="Parsing C:\\Users\\Delphine_2026\\FragPipe_results\\root_run02\\interact-230311-RD-Root-Trypsin-lys-cHPLC-26_30-1_Slot1-68_1_901.mod.pep.xml"
time="05:38:08" level=info msg="Parsing C:\\Users\\Delphine_2026\\FragPipe_results\\root_run02\\interact-230311-RD-Root-Trypsin-lys-cHPLC-28_30-2_Slot1-70_1_906.mod.pep.xml"
time="05:38:08" level=info msg="Parsing C:\\Users\\Delphine_2026\\FragPipe_results\\root_run02\\interact-230311-RD-Root-Trypsin-lys-cHPLC-27_30-1_Slot1-69_1_903.mod.pep.xml"
time="05:38:08" level=info msg="Parsing C:\\Users\\Delphine_2026\\FragPipe_results\\root_run02\\interact-230311-RD-Root-Trypsin-lys-cHPLC-27_30-2_Slot1-69_1_904.mod.pep.xml"
time="05:38:09" level=info msg="Parsing C:\\Users\\Delphine_2026\\FragPipe_results\\root_run02\\interact-230311-RD-Root-Trypsin-lys-cHPLC-28_30-1_Slot1-70_1_905.mod.pep.xml"
time="05:38:10" level=info msg="Parsing C:\\Users\\Delphine_2026\\FragPipe_results\\root_run02\\interact-230311-RD-Root-Trypsin-lys-cHPLC-29_30-2_Slot1-71_1_911.mod.pep.xml"
time="05:38:10" level=info msg="Parsing C:\\Users\\Delphine_2026\\FragPipe_results\\root_run02\\interact-230311-RD-Root-Trypsin-lys-cHPLC-29_30-1_Slot1-71_1_910.mod.pep.xml"
time="05:38:11" level=info msg="Parsing C:\\Users\\Delphine_2026\\FragPipe_results\\root_run02\\interact-230311-RD-Root-Trypsin-lys-cHPLC-30_30-1_Slot1-72_1_912.mod.pep.xml"
time="05:38:15" level=info msg="1+ Charge profile" decoy=0 target=27900
time="05:38:15" level=info msg="2+ Charge profile" decoy=0 target=1883652
time="05:38:15" level=info msg="3+ Charge profile" decoy=0 target=335009
time="05:38:15" level=info msg="4+ Charge profile" decoy=0 target=20462
time="05:38:15" level=info msg="5+ Charge profile" decoy=0 target=1443
time="05:38:15" level=info msg="6+ Charge profile" decoy=0 target=0
time="05:38:21" level=info msg="Database search results" ions=404511 peptides=345533 psms=2268466
time="05:38:23" level=info msg="Converged to 0.00 % FDR with 2268466 PSMs" decoy=0 threshold=0.05 total=2268466
time="05:38:24" level=info msg="Converged to 0.00 % FDR with 345533 Peptides" decoy=0 threshold=0.05 total=345533
time="05:38:24" level=info msg="Converged to 0.00 % FDR with 404511 Ions" decoy=0 threshold=0.05 total=404511
time="05:38:24" level=info msg="Protein inference results" decoy=6838 target=139894
time="05:38:26" level=info msg="Converged to 0.45 % FDR with 105970 Proteins" decoy=533 threshold=0 total=106503
time="05:38:39" level=info msg="Applying sequential FDR estimation" ions=392648 peptides=333946 psms=2254321
time="05:38:42" level=info msg="2254321 PSMs" decoy=0 threshold=0.05 total=2254321
time="05:38:42" level=info msg="333946 Peptides" decoy=0 threshold=0.0501 total=333946
time="05:38:42" level=info msg="392648 Ions" decoy=0 threshold=0.05 total=392648
time="05:38:42" level=info msg="Post processing identifications"
time="05:39:06" level=info msg="Assigning protein identifications to layers"
time="05:42:47" level=info msg="Processing protein inference"
time="05:42:55" level=info msg="Synchronizing PSMs and proteins"
time="05:43:09" level=info msg="Final report numbers after FDR filtering, and post-processing" ions=392064 peptides=333400 proteins=105970 psms=2253472
time="05:43:09" level=info msg=Saving
time="05:43:25" level=info msg=Done
