time="13:33:55" level=info msg="Executing Filter  v5.1.3"
time="13:33:55" level=info msg="Processing peptide identification files"
time="13:33:55" level=info msg="Parsing C:\\Users\\Delphine_2026\\FragPipe_results\\root-vasculature_run01\\interact-VASC-r012.pep.xml"
time="13:33:55" level=info msg="Parsing C:\\Users\\Delphine_2026\\FragPipe_results\\root-vasculature_run01\\interact-VASC-r003.pep.xml"
time="13:33:55" level=info msg="Parsing C:\\Users\\Delphine_2026\\FragPipe_results\\root-vasculature_run01\\interact-VASC-r001.pep.xml"
time="13:33:55" level=info msg="Parsing C:\\Users\\Delphine_2026\\FragPipe_results\\root-vasculature_run01\\interact-VASC-r002.pep.xml"
time="13:33:56" level=info msg="Parsing C:\\Users\\Delphine_2026\\FragPipe_results\\root-vasculature_run01\\interact-VASC-r007.pep.xml"
time="13:33:56" level=info msg="Parsing C:\\Users\\Delphine_2026\\FragPipe_results\\root-vasculature_run01\\interact-VASC-r004.pep.xml"
time="13:33:56" level=info msg="Parsing C:\\Users\\Delphine_2026\\FragPipe_results\\root-vasculature_run01\\interact-VASC-r005.pep.xml"
time="13:33:56" level=info msg="Parsing C:\\Users\\Delphine_2026\\FragPipe_results\\root-vasculature_run01\\interact-VASC-r006.pep.xml"
time="13:33:56" level=info msg="Parsing C:\\Users\\Delphine_2026\\FragPipe_results\\root-vasculature_run01\\interact-VASC-r009.pep.xml"
time="13:33:56" level=info msg="Parsing C:\\Users\\Delphine_2026\\FragPipe_results\\root-vasculature_run01\\interact-VASC-r008.pep.xml"
time="13:33:56" level=info msg="Parsing C:\\Users\\Delphine_2026\\FragPipe_results\\root-vasculature_run01\\interact-VASC-r010.pep.xml"
time="13:33:56" level=info msg="Parsing C:\\Users\\Delphine_2026\\FragPipe_results\\root-vasculature_run01\\interact-VASC-r011.pep.xml"
time="13:33:58" level=info msg="1+ Charge profile" decoy=0 target=0
time="13:33:58" level=info msg="2+ Charge profile" decoy=0 target=47998
time="13:33:58" level=info msg="3+ Charge profile" decoy=0 target=27249
time="13:33:58" level=info msg="4+ Charge profile" decoy=0 target=5007
time="13:33:58" level=info msg="5+ Charge profile" decoy=0 target=717
time="13:33:58" level=info msg="6+ Charge profile" decoy=0 target=0
time="13:33:58" level=info msg="Database search results" ions=24533 peptides=21090 psms=80971
time="13:33:58" level=info msg="Converged to 0.00 % FDR with 80971 PSMs" decoy=0 threshold=0.05 total=80971
time="13:33:59" level=info msg="Converged to 0.00 % FDR with 21090 Peptides" decoy=0 threshold=0.05 total=21090
time="13:33:59" level=info msg="Converged to 0.00 % FDR with 24533 Ions" decoy=0 threshold=0.05 total=24533
time="13:33:59" level=info msg="Protein inference results" decoy=368 target=11921
time="13:33:59" level=info msg="Converged to 0.29 % FDR with 7577 Proteins" decoy=29 threshold=0 total=7606
time="13:33:59" level=info msg="Applying sequential FDR estimation" ions=24384 peptides=20941 psms=80810
time="13:33:59" level=info msg="80810 PSMs" decoy=0 threshold=0.0501 total=80810
time="13:33:59" level=info msg="20940 Peptides" decoy=0 threshold=0.0502 total=20940
time="13:33:59" level=info msg="24384 Ions" decoy=0 threshold=0.0501 total=24384
time="13:33:59" level=info msg="Post processing identifications"
time="13:34:00" level=info msg="Assigning protein identifications to layers"
time="13:34:07" level=info msg="Processing protein inference"
time="13:34:08" level=info msg="Synchronizing PSMs and proteins"
time="13:34:08" level=info msg="Final report numbers after FDR filtering, and post-processing" ions=24355 peptides=20911 proteins=7577 psms=80743
time="13:34:08" level=info msg=Saving
time="13:34:09" level=info msg=Done
