time="09:57:33" level=info msg="Executing Filter  v5.1.3"
time="09:57:33" level=info msg="Processing peptide identification files"
time="09:57:33" level=info msg="Parsing C:\\Users\\Delphine_2026\\FragPipe_results\\coleoptile_run01\\interact-COLEOPTILE-r012.pep.xml"
time="09:57:33" level=info msg="Parsing C:\\Users\\Delphine_2026\\FragPipe_results\\coleoptile_run01\\interact-COLEOPTILE-r005.pep.xml"
time="09:57:33" level=info msg="Parsing C:\\Users\\Delphine_2026\\FragPipe_results\\coleoptile_run01\\interact-COLEOPTILE-r008.pep.xml"
time="09:57:33" level=info msg="Parsing C:\\Users\\Delphine_2026\\FragPipe_results\\coleoptile_run01\\interact-COLEOPTILE-r006.pep.xml"
time="09:57:35" level=info msg="Parsing C:\\Users\\Delphine_2026\\FragPipe_results\\coleoptile_run01\\interact-COLEOPTILE-r007.pep.xml"
time="09:57:35" level=info msg="Parsing C:\\Users\\Delphine_2026\\FragPipe_results\\coleoptile_run01\\interact-COLEOPTILE-r010.pep.xml"
time="09:57:35" level=info msg="Parsing C:\\Users\\Delphine_2026\\FragPipe_results\\coleoptile_run01\\interact-COLEOPTILE-r009.pep.xml"
time="09:57:35" level=info msg="Parsing C:\\Users\\Delphine_2026\\FragPipe_results\\coleoptile_run01\\interact-COLEOPTILE-r002.pep.xml"
time="09:57:36" level=info msg="Parsing C:\\Users\\Delphine_2026\\FragPipe_results\\coleoptile_run01\\interact-COLEOPTILE-r001.pep.xml"
time="09:57:36" level=info msg="Parsing C:\\Users\\Delphine_2026\\FragPipe_results\\coleoptile_run01\\interact-COLEOPTILE-r011.pep.xml"
time="09:57:36" level=info msg="Parsing C:\\Users\\Delphine_2026\\FragPipe_results\\coleoptile_run01\\interact-COLEOPTILE-r003.pep.xml"
time="09:57:36" level=info msg="Parsing C:\\Users\\Delphine_2026\\FragPipe_results\\coleoptile_run01\\interact-COLEOPTILE-r004.pep.xml"
time="09:57:39" level=info msg="1+ Charge profile" decoy=0 target=0
time="09:57:39" level=info msg="2+ Charge profile" decoy=0 target=97221
time="09:57:39" level=info msg="3+ Charge profile" decoy=0 target=51458
time="09:57:39" level=info msg="4+ Charge profile" decoy=0 target=9737
time="09:57:39" level=info msg="5+ Charge profile" decoy=0 target=2341
time="09:57:40" level=info msg="6+ Charge profile" decoy=0 target=0
time="09:57:40" level=info msg="Database search results" ions=48698 peptides=41504 psms=160757
time="09:57:40" level=info msg="Converged to 0.00 % FDR with 160757 PSMs" decoy=0 threshold=0.0501 total=160757
time="09:57:40" level=info msg="Converged to 0.00 % FDR with 41504 Peptides" decoy=0 threshold=0.0501 total=41504
time="09:57:40" level=info msg="Converged to 0.00 % FDR with 48698 Ions" decoy=0 threshold=0.0501 total=48698
time="09:57:40" level=info msg="Protein inference results" decoy=764 target=20282
time="09:57:40" level=info msg="Converged to 0.21 % FDR with 12216 Proteins" decoy=29 threshold=0 total=12245
time="09:57:41" level=info msg="Applying sequential FDR estimation" ions=48348 peptides=41155 psms=160385
time="09:57:41" level=info msg="160385 PSMs" decoy=0 threshold=0.0501 total=160385
time="09:57:41" level=info msg="41155 Peptides" decoy=0 threshold=0.0501 total=41155
time="09:57:41" level=info msg="48348 Ions" decoy=0 threshold=0.0501 total=48348
time="09:57:41" level=info msg="Post processing identifications"
time="09:57:43" level=info msg="Assigning protein identifications to layers"
time="09:57:56" level=info msg="Processing protein inference"
time="09:57:57" level=info msg="Synchronizing PSMs and proteins"
time="09:57:58" level=info msg="Final report numbers after FDR filtering, and post-processing" ions=48319 peptides=41126 proteins=12216 psms=160330
time="09:57:58" level=info msg=Saving
time="09:57:59" level=info msg=Done
