time="16:59:14" level=info msg="Executing Filter  v5.1.3"
time="16:59:14" level=info msg="Processing peptide identification files"
time="16:59:14" level=info msg="Parsing C:\\Users\\Delphine_2026\\FragPipe_results\\rachilla_run01\\interact-ROCHELLA-r012.pep.xml"
time="16:59:14" level=info msg="Parsing C:\\Users\\Delphine_2026\\FragPipe_results\\rachilla_run01\\interact-ROCHELLA-r007.pep.xml"
time="16:59:14" level=info msg="Parsing C:\\Users\\Delphine_2026\\FragPipe_results\\rachilla_run01\\interact-ROCHELLA-r001.pep.xml"
time="16:59:14" level=info msg="Parsing C:\\Users\\Delphine_2026\\FragPipe_results\\rachilla_run01\\interact-ROCHELLA-r002.pep.xml"
time="16:59:16" level=info msg="Parsing C:\\Users\\Delphine_2026\\FragPipe_results\\rachilla_run01\\interact-ROCHELLA-r004.pep.xml"
time="16:59:16" level=info msg="Parsing C:\\Users\\Delphine_2026\\FragPipe_results\\rachilla_run01\\interact-ROCHELLA-r003.pep.xml"
time="16:59:16" level=info msg="Parsing C:\\Users\\Delphine_2026\\FragPipe_results\\rachilla_run01\\interact-ROCHELLA-r005.pep.xml"
time="16:59:16" level=info msg="Parsing C:\\Users\\Delphine_2026\\FragPipe_results\\rachilla_run01\\interact-ROCHELLA-r009.pep.xml"
time="16:59:17" level=info msg="Parsing C:\\Users\\Delphine_2026\\FragPipe_results\\rachilla_run01\\interact-ROCHELLA-r008.pep.xml"
time="16:59:17" level=info msg="Parsing C:\\Users\\Delphine_2026\\FragPipe_results\\rachilla_run01\\interact-ROCHELLA-r010.pep.xml"
time="16:59:17" level=info msg="Parsing C:\\Users\\Delphine_2026\\FragPipe_results\\rachilla_run01\\interact-ROCHELLA-r006.pep.xml"
time="16:59:17" level=info msg="Parsing C:\\Users\\Delphine_2026\\FragPipe_results\\rachilla_run01\\interact-ROCHELLA-r011.pep.xml"
time="16:59:20" level=info msg="1+ Charge profile" decoy=0 target=0
time="16:59:20" level=info msg="2+ Charge profile" decoy=0 target=81268
time="16:59:20" level=info msg="3+ Charge profile" decoy=0 target=50198
time="16:59:20" level=info msg="4+ Charge profile" decoy=0 target=13294
time="16:59:20" level=info msg="5+ Charge profile" decoy=0 target=3675
time="16:59:20" level=info msg="6+ Charge profile" decoy=0 target=0
time="16:59:20" level=info msg="Database search results" ions=38319 peptides=31476 psms=148435
time="16:59:20" level=info msg="Converged to 0.00 % FDR with 148434 PSMs" decoy=0 threshold=0.0501 total=148434
time="16:59:20" level=info msg="Converged to 0.00 % FDR with 31475 Peptides" decoy=0 threshold=0.0501 total=31475
time="16:59:20" level=info msg="Converged to 0.00 % FDR with 38318 Ions" decoy=0 threshold=0.0501 total=38318
time="16:59:20" level=info msg="Protein inference results" decoy=498 target=15881
time="16:59:21" level=info msg="Converged to 0.24 % FDR with 9718 Proteins" decoy=25 threshold=0 total=9743
time="16:59:21" level=info msg="Applying sequential FDR estimation" ions=38081 peptides=31239 psms=148170
time="16:59:22" level=info msg="148169 PSMs" decoy=0 threshold=0.0502 total=148169
time="16:59:22" level=info msg="31238 Peptides" decoy=0 threshold=0.0502 total=31238
time="16:59:22" level=info msg="38080 Ions" decoy=0 threshold=0.0502 total=38080
time="16:59:22" level=info msg="Post processing identifications"
time="16:59:23" level=info msg="Assigning protein identifications to layers"
time="16:59:35" level=info msg="Processing protein inference"
time="16:59:35" level=info msg="Synchronizing PSMs and proteins"
time="16:59:36" level=info msg="Final report numbers after FDR filtering, and post-processing" ions=38055 peptides=31213 proteins=9717 psms=148068
time="16:59:36" level=info msg=Saving
time="16:59:37" level=info msg=Done
