time="16:53:59" level=info msg="Executing Filter  v5.1.3"
time="16:53:59" level=info msg="Processing peptide identification files"
time="16:53:59" level=info msg="Parsing C:\\Users\\Delphine_2026\\FragPipe_results\\grain-Z70_run01\\interact-ZADOCKS70_9.pep.xml"
time="16:53:59" level=info msg="Parsing C:\\Users\\Delphine_2026\\FragPipe_results\\grain-Z70_run01\\interact-ZADOCKS70_1.pep.xml"
time="16:53:59" level=info msg="Parsing C:\\Users\\Delphine_2026\\FragPipe_results\\grain-Z70_run01\\interact-ZADOCKS70_10.pep.xml"
time="16:53:59" level=info msg="Parsing C:\\Users\\Delphine_2026\\FragPipe_results\\grain-Z70_run01\\interact-ZADOCKS70_4.pep.xml"
time="16:53:59" level=info msg="Parsing C:\\Users\\Delphine_2026\\FragPipe_results\\grain-Z70_run01\\interact-ZADOCKS70_11.pep.xml"
time="16:53:59" level=info msg="Parsing C:\\Users\\Delphine_2026\\FragPipe_results\\grain-Z70_run01\\interact-ZADOCKS70_12.pep.xml"
time="16:53:59" level=info msg="Parsing C:\\Users\\Delphine_2026\\FragPipe_results\\grain-Z70_run01\\interact-ZADOCKS70_2.pep.xml"
time="16:53:59" level=info msg="Parsing C:\\Users\\Delphine_2026\\FragPipe_results\\grain-Z70_run01\\interact-ZADOCKS70_3.pep.xml"
time="16:54:00" level=info msg="Parsing C:\\Users\\Delphine_2026\\FragPipe_results\\grain-Z70_run01\\interact-ZADOCKS70_6.pep.xml"
time="16:54:00" level=info msg="Parsing C:\\Users\\Delphine_2026\\FragPipe_results\\grain-Z70_run01\\interact-ZADOCKS70_5.pep.xml"
time="16:54:00" level=info msg="Parsing C:\\Users\\Delphine_2026\\FragPipe_results\\grain-Z70_run01\\interact-ZADOCKS70_7.pep.xml"
time="16:54:00" level=info msg="Parsing C:\\Users\\Delphine_2026\\FragPipe_results\\grain-Z70_run01\\interact-ZADOCKS70_8.pep.xml"
time="16:54:02" level=info msg="1+ Charge profile" decoy=0 target=0
time="16:54:02" level=info msg="2+ Charge profile" decoy=0 target=72013
time="16:54:02" level=info msg="3+ Charge profile" decoy=0 target=28845
time="16:54:02" level=info msg="4+ Charge profile" decoy=0 target=3897
time="16:54:02" level=info msg="5+ Charge profile" decoy=0 target=648
time="16:54:02" level=info msg="6+ Charge profile" decoy=0 target=0
time="16:54:02" level=info msg="Database search results" ions=30776 peptides=26508 psms=105403
time="16:54:02" level=info msg="Converged to 0.00 % FDR with 105403 PSMs" decoy=0 threshold=0.05 total=105403
time="16:54:02" level=info msg="Converged to 0.00 % FDR with 26508 Peptides" decoy=0 threshold=0.05 total=26508
time="16:54:02" level=info msg="Converged to 0.00 % FDR with 30776 Ions" decoy=0 threshold=0.05 total=30776
time="16:54:02" level=info msg="Protein inference results" decoy=544 target=15194
time="16:54:03" level=info msg="Converged to 0.35 % FDR with 9821 Proteins" decoy=40 threshold=0 total=9861
time="16:54:03" level=info msg="Applying sequential FDR estimation" ions=30537 peptides=26269 psms=105153
time="16:54:03" level=info msg="105153 PSMs" decoy=0 threshold=0.0501 total=105153
time="16:54:03" level=info msg="26269 Peptides" decoy=0 threshold=0.0501 total=26269
time="16:54:03" level=info msg="30537 Ions" decoy=0 threshold=0.0501 total=30537
time="16:54:03" level=info msg="Post processing identifications"
time="16:54:04" level=info msg="Assigning protein identifications to layers"
time="16:54:13" level=info msg="Processing protein inference"
time="16:54:14" level=info msg="Synchronizing PSMs and proteins"
time="16:54:14" level=info msg="Final report numbers after FDR filtering, and post-processing" ions=30497 peptides=26229 proteins=9821 psms=105062
time="16:54:14" level=info msg=Saving
time="16:54:15" level=info msg=Done
