time="14:26:59" level=info msg="Executing Filter  v5.1.3"
time="14:26:59" level=info msg="Processing peptide identification files"
time="14:26:59" level=info msg="Parsing C:\\Users\\Delphine_2026\\FragPipe_results\\youg-leaf-flag_run01\\interact-YL_HIPH_9.pep.xml"
time="14:26:59" level=info msg="Parsing C:\\Users\\Delphine_2026\\FragPipe_results\\youg-leaf-flag_run01\\interact-YL_HIPH_11.pep.xml"
time="14:26:59" level=info msg="Parsing C:\\Users\\Delphine_2026\\FragPipe_results\\youg-leaf-flag_run01\\interact-YL_HIPH_10.pep.xml"
time="14:26:59" level=info msg="Parsing C:\\Users\\Delphine_2026\\FragPipe_results\\youg-leaf-flag_run01\\interact-YL_HIPH_1.pep.xml"
time="14:26:59" level=info msg="Parsing C:\\Users\\Delphine_2026\\FragPipe_results\\youg-leaf-flag_run01\\interact-YL_HIPH_4.pep.xml"
time="14:26:59" level=info msg="Parsing C:\\Users\\Delphine_2026\\FragPipe_results\\youg-leaf-flag_run01\\interact-YL_HIPH_12.pep.xml"
time="14:26:59" level=info msg="Parsing C:\\Users\\Delphine_2026\\FragPipe_results\\youg-leaf-flag_run01\\interact-YL_HIPH_2.pep.xml"
time="14:27:00" level=info msg="Parsing C:\\Users\\Delphine_2026\\FragPipe_results\\youg-leaf-flag_run01\\interact-YL_HIPH_3.pep.xml"
time="14:27:00" level=info msg="Parsing C:\\Users\\Delphine_2026\\FragPipe_results\\youg-leaf-flag_run01\\interact-YL_HIPH_6.pep.xml"
time="14:27:00" level=info msg="Parsing C:\\Users\\Delphine_2026\\FragPipe_results\\youg-leaf-flag_run01\\interact-YL_HIPH_5.pep.xml"
time="14:27:00" level=info msg="Parsing C:\\Users\\Delphine_2026\\FragPipe_results\\youg-leaf-flag_run01\\interact-YL_HIPH_7.pep.xml"
time="14:27:00" level=info msg="Parsing C:\\Users\\Delphine_2026\\FragPipe_results\\youg-leaf-flag_run01\\interact-YL_HIPH_8.pep.xml"
time="14:27:02" level=info msg="1+ Charge profile" decoy=0 target=0
time="14:27:02" level=info msg="2+ Charge profile" decoy=0 target=41249
time="14:27:02" level=info msg="3+ Charge profile" decoy=0 target=18420
time="14:27:02" level=info msg="4+ Charge profile" decoy=0 target=1821
time="14:27:02" level=info msg="5+ Charge profile" decoy=0 target=59
time="14:27:02" level=info msg="6+ Charge profile" decoy=0 target=0
time="14:27:02" level=info msg="Database search results" ions=27534 peptides=23615 psms=61549
time="14:27:02" level=info msg="Converged to 0.00 % FDR with 61549 PSMs" decoy=0 threshold=0.05 total=61549
time="14:27:02" level=info msg="Converged to 0.00 % FDR with 23614 Peptides" decoy=0 threshold=0.0501 total=23614
time="14:27:02" level=info msg="Converged to 0.00 % FDR with 27533 Ions" decoy=0 threshold=0.0501 total=27533
time="14:27:02" level=info msg="Protein inference results" decoy=454 target=12714
time="14:27:03" level=info msg="Converged to 0.30 % FDR with 7542 Proteins" decoy=26 threshold=0 total=7568
time="14:27:03" level=info msg="Applying sequential FDR estimation" ions=27386 peptides=23467 psms=61393
time="14:27:03" level=info msg="61392 PSMs" decoy=0 threshold=0.0501 total=61392
time="14:27:03" level=info msg="23467 Peptides" decoy=0 threshold=0.0501 total=23467
time="14:27:03" level=info msg="27386 Ions" decoy=0 threshold=0.0501 total=27386
time="14:27:03" level=info msg="Post processing identifications"
time="14:27:04" level=info msg="Assigning protein identifications to layers"
time="14:27:09" level=info msg="Processing protein inference"
time="14:27:10" level=info msg="Synchronizing PSMs and proteins"
time="14:27:10" level=info msg="Final report numbers after FDR filtering, and post-processing" ions=27360 peptides=23441 proteins=7542 psms=61309
time="14:27:10" level=info msg=Saving
time="14:27:11" level=info msg=Done
