time="16:01:24" level=info msg="Executing Filter  v5.1.3"
time="16:01:24" level=info msg="Processing peptide identification files"
time="16:01:24" level=info msg="Parsing C:\\Users\\Delphine_2026\\FragPipe_results\\node-exc_run01\\interact-NODE_HIPH_9.pep.xml"
time="16:01:24" level=info msg="Parsing C:\\Users\\Delphine_2026\\FragPipe_results\\node-exc_run01\\interact-NODE_HIPH_1.pep.xml"
time="16:01:24" level=info msg="Parsing C:\\Users\\Delphine_2026\\FragPipe_results\\node-exc_run01\\interact-NODE_HIPH_10.pep.xml"
time="16:01:24" level=info msg="Parsing C:\\Users\\Delphine_2026\\FragPipe_results\\node-exc_run01\\interact-NODE_HIPH_4.pep.xml"
time="16:01:25" level=info msg="Parsing C:\\Users\\Delphine_2026\\FragPipe_results\\node-exc_run01\\interact-NODE_HIPH_11.pep.xml"
time="16:01:25" level=info msg="Parsing C:\\Users\\Delphine_2026\\FragPipe_results\\node-exc_run01\\interact-NODE_HIPH_12.pep.xml"
time="16:01:25" level=info msg="Parsing C:\\Users\\Delphine_2026\\FragPipe_results\\node-exc_run01\\interact-NODE_HIPH_2.pep.xml"
time="16:01:25" level=info msg="Parsing C:\\Users\\Delphine_2026\\FragPipe_results\\node-exc_run01\\interact-NODE_HIPH_3.pep.xml"
time="16:01:26" level=info msg="Parsing C:\\Users\\Delphine_2026\\FragPipe_results\\node-exc_run01\\interact-NODE_HIPH_6.pep.xml"
time="16:01:26" level=info msg="Parsing C:\\Users\\Delphine_2026\\FragPipe_results\\node-exc_run01\\interact-NODE_HIPH_5.pep.xml"
time="16:01:26" level=info msg="Parsing C:\\Users\\Delphine_2026\\FragPipe_results\\node-exc_run01\\interact-NODE_HIPH_7.pep.xml"
time="16:01:26" level=info msg="Parsing C:\\Users\\Delphine_2026\\FragPipe_results\\node-exc_run01\\interact-NODE_HIPH_8.pep.xml"
time="16:01:29" level=info msg="1+ Charge profile" decoy=0 target=0
time="16:01:29" level=info msg="2+ Charge profile" decoy=0 target=60521
time="16:01:29" level=info msg="3+ Charge profile" decoy=0 target=23458
time="16:01:29" level=info msg="4+ Charge profile" decoy=0 target=1923
time="16:01:29" level=info msg="5+ Charge profile" decoy=0 target=54
time="16:01:29" level=info msg="6+ Charge profile" decoy=0 target=0
time="16:01:29" level=info msg="Database search results" ions=40196 peptides=34478 psms=85956
time="16:01:30" level=info msg="Converged to 0.00 % FDR with 85955 PSMs" decoy=0 threshold=0.0501 total=85955
time="16:01:30" level=info msg="Converged to 0.00 % FDR with 34477 Peptides" decoy=0 threshold=0.0502 total=34477
time="16:01:30" level=info msg="Converged to 0.00 % FDR with 40195 Ions" decoy=0 threshold=0.0502 total=40195
time="16:01:30" level=info msg="Protein inference results" decoy=712 target=17819
time="16:01:30" level=info msg="Converged to 0.22 % FDR with 10573 Proteins" decoy=31 threshold=0 total=10604
time="16:01:30" level=info msg="Applying sequential FDR estimation" ions=39945 peptides=34227 psms=85690
time="16:01:30" level=info msg="85689 PSMs" decoy=0 threshold=0.0502 total=85689
time="16:01:30" level=info msg="34226 Peptides" decoy=0 threshold=0.0502 total=34226
time="16:01:30" level=info msg="39944 Ions" decoy=0 threshold=0.0502 total=39944
time="16:01:30" level=info msg="Post processing identifications"
time="16:01:31" level=info msg="Assigning protein identifications to layers"
time="16:01:39" level=info msg="Processing protein inference"
time="16:01:39" level=info msg="Synchronizing PSMs and proteins"
time="16:01:40" level=info msg="Final report numbers after FDR filtering, and post-processing" ions=39911 peptides=34194 proteins=10572 psms=85649
time="16:01:40" level=info msg=Saving
time="16:01:41" level=info msg=Done
