time="11:08:49" level=info msg="Executing Filter  v5.1.3"
time="11:08:49" level=info msg="Processing peptide identification files"
time="11:08:49" level=info msg="Parsing C:\\Users\\Delphine_2026\\FragPipe_results\\node_run03\\interact-230221-RD-Node-Trypsin-lys-cHPLC-11_30-1_Slot1-03_1_678.mod.pep.xml"
time="11:08:49" level=info msg="Parsing C:\\Users\\Delphine_2026\\FragPipe_results\\node_run03\\interact-230221-RD-Node-Trypsin-lys-cHPLC-10_30-2_Slot1-02_1_677.mod.pep.xml"
time="11:08:49" level=info msg="Parsing C:\\Users\\Delphine_2026\\FragPipe_results\\node_run03\\interact-230224-RD-Node-Trypsin-lys-cHPLC-30_30-2_Slot1-22_1_734.mod.pep.xml"
time="11:08:49" level=info msg="Parsing C:\\Users\\Delphine_2026\\FragPipe_results\\node_run03\\interact-230221-RD-Node-Trypsin-lys-cHPLC-10_30-1_Slot1-02_1_676.mod.pep.xml"
time="11:08:55" level=info msg="Parsing C:\\Users\\Delphine_2026\\FragPipe_results\\node_run03\\interact-230221-RD-Node-Trypsin-lys-cHPLC-11_30-2_Slot1-03_1_679.mod.pep.xml"
time="11:08:55" level=info msg="Parsing C:\\Users\\Delphine_2026\\FragPipe_results\\node_run03\\interact-230221-RD-Node-Trypsin-lys-cHPLC-12_30-1_Slot1-04_1_683.mod.pep.xml"
time="11:08:55" level=info msg="Parsing C:\\Users\\Delphine_2026\\FragPipe_results\\node_run03\\interact-230221-RD-Node-Trypsin-lys-cHPLC-12_30-2_Slot1-04_1_684.mod.pep.xml"
time="11:08:55" level=info msg="Parsing C:\\Users\\Delphine_2026\\FragPipe_results\\node_run03\\interact-230221-RD-Node-Trypsin-lys-cHPLC-1_30-2_Slot2-88_1_653.mod.pep.xml"
time="11:09:01" level=info msg="Parsing C:\\Users\\Delphine_2026\\FragPipe_results\\node_run03\\interact-230221-RD-Node-Trypsin-lys-cHPLC-2_30-1_Slot2-89_1_654.mod.pep.xml"
time="11:09:02" level=info msg="Parsing C:\\Users\\Delphine_2026\\FragPipe_results\\node_run03\\interact-230221-RD-Node-Trypsin-lys-cHPLC-2_30-2_Slot2-89_1_655.mod.pep.xml"
time="11:09:02" level=info msg="Parsing C:\\Users\\Delphine_2026\\FragPipe_results\\node_run03\\interact-230221-RD-Node-Trypsin-lys-cHPLC-3_30-1_Slot2-90_1_656.mod.pep.xml"
time="11:09:03" level=info msg="Parsing C:\\Users\\Delphine_2026\\FragPipe_results\\node_run03\\interact-230221-RD-Node-Trypsin-lys-cHPLC-3_30-2_Slot2-90_1_657.mod.pep.xml"
time="11:09:08" level=info msg="Parsing C:\\Users\\Delphine_2026\\FragPipe_results\\node_run03\\interact-230221-RD-Node-Trypsin-lys-cHPLC-4_30-1_Slot2-91_1_661.mod.pep.xml"
time="11:09:08" level=info msg="Parsing C:\\Users\\Delphine_2026\\FragPipe_results\\node_run03\\interact-230221-RD-Node-Trypsin-lys-cHPLC-4_30-2_Slot2-91_1_662.mod.pep.xml"
time="11:09:09" level=info msg="Parsing C:\\Users\\Delphine_2026\\FragPipe_results\\node_run03\\interact-230221-RD-Node-Trypsin-lys-cHPLC-5_30-1_Slot2-92_1_663.mod.pep.xml"
time="11:09:09" level=info msg="Parsing C:\\Users\\Delphine_2026\\FragPipe_results\\node_run03\\interact-230221-RD-Node-Trypsin-lys-cHPLC-5_30-2_Slot2-92_1_664.mod.pep.xml"
time="11:09:15" level=info msg="Parsing C:\\Users\\Delphine_2026\\FragPipe_results\\node_run03\\interact-230221-RD-Node-Trypsin-lys-cHPLC-6_30-1_Slot2-93_1_665.mod.pep.xml"
time="11:09:15" level=info msg="Parsing C:\\Users\\Delphine_2026\\FragPipe_results\\node_run03\\interact-230221-RD-Node-Trypsin-lys-cHPLC-6_30-2_Slot2-93_1_666.mod.pep.xml"
time="11:09:16" level=info msg="Parsing C:\\Users\\Delphine_2026\\FragPipe_results\\node_run03\\interact-230221-RD-Node-Trypsin-lys-cHPLC-7_30-1_Slot2-94_1_667.mod.pep.xml"
time="11:09:16" level=info msg="Parsing C:\\Users\\Delphine_2026\\FragPipe_results\\node_run03\\interact-230221-RD-Node-Trypsin-lys-cHPLC-7_30-2_Slot2-94_1_668.mod.pep.xml"
time="11:09:22" level=info msg="Parsing C:\\Users\\Delphine_2026\\FragPipe_results\\node_run03\\interact-230221-RD-Node-Trypsin-lys-cHPLC-8_30-1_Slot2-95_1_669.mod.pep.xml"
time="11:09:22" level=info msg="Parsing C:\\Users\\Delphine_2026\\FragPipe_results\\node_run03\\interact-230221-RD-Node-Trypsin-lys-cHPLC-8_30-2_Slot2-95_1_670.mod.pep.xml"
time="11:09:22" level=info msg="Parsing C:\\Users\\Delphine_2026\\FragPipe_results\\node_run03\\interact-230221-RD-Node-Trypsin-lys-cHPLC-9_30-1_Slot1-01_1_674.mod.pep.xml"
time="11:09:23" level=info msg="Parsing C:\\Users\\Delphine_2026\\FragPipe_results\\node_run03\\interact-230221-RD-Node-Trypsin-lys-cHPLC-9_30-2_Slot1-01_1_675.mod.pep.xml"
time="11:09:29" level=info msg="Parsing C:\\Users\\Delphine_2026\\FragPipe_results\\node_run03\\interact-230224-RD-Node-Trypsin-lys-cHPLC-13_30-1_Slot1-05_1_685.mod.pep.xml"
time="11:09:29" level=info msg="Parsing C:\\Users\\Delphine_2026\\FragPipe_results\\node_run03\\interact-230224-RD-Node-Trypsin-lys-cHPLC-13_30-2_Slot1-05_1_686.mod.pep.xml"
time="11:09:29" level=info msg="Parsing C:\\Users\\Delphine_2026\\FragPipe_results\\node_run03\\interact-230224-RD-Node-Trypsin-lys-cHPLC-14_30-1_Slot1-06_1_690.mod.pep.xml"
time="11:09:29" level=info msg="Parsing C:\\Users\\Delphine_2026\\FragPipe_results\\node_run03\\interact-230224-RD-Node-Trypsin-lys-cHPLC-14_30-2_Slot1-06_1_691.mod.pep.xml"
time="11:09:36" level=info msg="Parsing C:\\Users\\Delphine_2026\\FragPipe_results\\node_run03\\interact-230224-RD-Node-Trypsin-lys-cHPLC-15_30-1_Slot1-07_1_692.mod.pep.xml"
time="11:09:36" level=info msg="Parsing C:\\Users\\Delphine_2026\\FragPipe_results\\node_run03\\interact-230224-RD-Node-Trypsin-lys-cHPLC-15_30-2_Slot1-07_1_693.mod.pep.xml"
time="11:09:36" level=info msg="Parsing C:\\Users\\Delphine_2026\\FragPipe_results\\node_run03\\interact-230224-RD-Node-Trypsin-lys-cHPLC-16_30-1_Slot1-08_1_694.mod.pep.xml"
time="11:09:37" level=info msg="Parsing C:\\Users\\Delphine_2026\\FragPipe_results\\node_run03\\interact-230224-RD-Node-Trypsin-lys-cHPLC-16_30-2_Slot1-08_1_695.mod.pep.xml"
time="11:09:43" level=info msg="Parsing C:\\Users\\Delphine_2026\\FragPipe_results\\node_run03\\interact-230224-RD-Node-Trypsin-lys-cHPLC-17_30-1_Slot1-09_1_696.mod.pep.xml"
time="11:09:43" level=info msg="Parsing C:\\Users\\Delphine_2026\\FragPipe_results\\node_run03\\interact-230224-RD-Node-Trypsin-lys-cHPLC-17_30-2_Slot1-09_1_697.mod.pep.xml"
time="11:09:43" level=info msg="Parsing C:\\Users\\Delphine_2026\\FragPipe_results\\node_run03\\interact-230224-RD-Node-Trypsin-lys-cHPLC-18_30-1_Slot1-10_1_698.mod.pep.xml"
time="11:09:44" level=info msg="Parsing C:\\Users\\Delphine_2026\\FragPipe_results\\node_run03\\interact-230224-RD-Node-Trypsin-lys-cHPLC-18_30-2_Slot1-10_1_699.mod.pep.xml"
time="11:09:49" level=info msg="Parsing C:\\Users\\Delphine_2026\\FragPipe_results\\node_run03\\interact-230224-RD-Node-Trypsin-lys-cHPLC-19_30-1_Slot1-11_1_703.mod.pep.xml"
time="11:09:49" level=info msg="Parsing C:\\Users\\Delphine_2026\\FragPipe_results\\node_run03\\interact-230224-RD-Node-Trypsin-lys-cHPLC-19_30-2_Slot1-11_1_704.mod.pep.xml"
time="11:09:50" level=info msg="Parsing C:\\Users\\Delphine_2026\\FragPipe_results\\node_run03\\interact-230224-RD-Node-Trypsin-lys-cHPLC-20_30-1_Slot1-12_1_705.mod.pep.xml"
time="11:09:51" level=info msg="Parsing C:\\Users\\Delphine_2026\\FragPipe_results\\node_run03\\interact-230224-RD-Node-Trypsin-lys-cHPLC-20_30-2_Slot1-12_1_706.mod.pep.xml"
time="11:09:56" level=info msg="Parsing C:\\Users\\Delphine_2026\\FragPipe_results\\node_run03\\interact-230224-RD-Node-Trypsin-lys-cHPLC-21_30-1_Slot1-13_1_707.mod.pep.xml"
time="11:09:56" level=info msg="Parsing C:\\Users\\Delphine_2026\\FragPipe_results\\node_run03\\interact-230224-RD-Node-Trypsin-lys-cHPLC-21_30-2_Slot1-13_1_708.mod.pep.xml"
time="11:09:57" level=info msg="Parsing C:\\Users\\Delphine_2026\\FragPipe_results\\node_run03\\interact-230224-RD-Node-Trypsin-lys-cHPLC-22_30-1_Slot1-14_1_709.mod.pep.xml"
time="11:09:57" level=info msg="Parsing C:\\Users\\Delphine_2026\\FragPipe_results\\node_run03\\interact-230224-RD-Node-Trypsin-lys-cHPLC-22_30-2_Slot1-14_1_710.mod.pep.xml"
time="11:10:03" level=info msg="Parsing C:\\Users\\Delphine_2026\\FragPipe_results\\node_run03\\interact-230224-RD-Node-Trypsin-lys-cHPLC-23_30-1_Slot1-15_1_711.mod.pep.xml"
time="11:10:04" level=info msg="Parsing C:\\Users\\Delphine_2026\\FragPipe_results\\node_run03\\interact-230224-RD-Node-Trypsin-lys-cHPLC-23_30-2_Slot1-15_1_717.mod.pep.xml"
time="11:10:04" level=info msg="Parsing C:\\Users\\Delphine_2026\\FragPipe_results\\node_run03\\interact-230224-RD-Node-Trypsin-lys-cHPLC-24_30-1_Slot1-16_1_718.mod.pep.xml"
time="11:10:05" level=info msg="Parsing C:\\Users\\Delphine_2026\\FragPipe_results\\node_run03\\interact-230224-RD-Node-Trypsin-lys-cHPLC-24_30-2_Slot1-16_1_719.mod.pep.xml"
time="11:10:10" level=info msg="Parsing C:\\Users\\Delphine_2026\\FragPipe_results\\node_run03\\interact-230224-RD-Node-Trypsin-lys-cHPLC-25_30-1_Slot1-17_1_720.mod.pep.xml"
time="11:10:10" level=info msg="Parsing C:\\Users\\Delphine_2026\\FragPipe_results\\node_run03\\interact-230224-RD-Node-Trypsin-lys-cHPLC-25_30-2_Slot1-17_1_721.mod.pep.xml"
time="11:10:11" level=info msg="Parsing C:\\Users\\Delphine_2026\\FragPipe_results\\node_run03\\interact-230224-RD-Node-Trypsin-lys-cHPLC-26_30-1_Slot1-18_1_722.mod.pep.xml"
time="11:10:11" level=info msg="Parsing C:\\Users\\Delphine_2026\\FragPipe_results\\node_run03\\interact-230224-RD-Node-Trypsin-lys-cHPLC-26_30-2_Slot1-18_1_723.mod.pep.xml"
time="11:10:16" level=info msg="Parsing C:\\Users\\Delphine_2026\\FragPipe_results\\node_run03\\interact-230224-RD-Node-Trypsin-lys-cHPLC-27_30-1_Slot1-19_1_724.mod.pep.xml"
time="11:10:17" level=info msg="Parsing C:\\Users\\Delphine_2026\\FragPipe_results\\node_run03\\interact-230224-RD-Node-Trypsin-lys-cHPLC-27_30-2_Slot1-19_1_728.mod.pep.xml"
time="11:10:17" level=info msg="Parsing C:\\Users\\Delphine_2026\\FragPipe_results\\node_run03\\interact-230224-RD-Node-Trypsin-lys-cHPLC-28_30-1_Slot1-20_1_729.mod.pep.xml"
time="11:10:19" level=info msg="Parsing C:\\Users\\Delphine_2026\\FragPipe_results\\node_run03\\interact-230224-RD-Node-Trypsin-lys-cHPLC-28_30-2_Slot1-20_1_730.mod.pep.xml"
time="11:10:23" level=info msg="Parsing C:\\Users\\Delphine_2026\\FragPipe_results\\node_run03\\interact-230224-RD-Node-Trypsin-lys-cHPLC-29_30-1_Slot1-21_1_731.mod.pep.xml"
time="11:10:24" level=info msg="Parsing C:\\Users\\Delphine_2026\\FragPipe_results\\node_run03\\interact-230224-RD-Node-Trypsin-lys-cHPLC-29_30-2_Slot1-21_1_732.mod.pep.xml"
time="11:10:24" level=info msg="Parsing C:\\Users\\Delphine_2026\\FragPipe_results\\node_run03\\interact-230224-RD-Node-Trypsin-lys-cHPLC-30_30-1_Slot1-22_1_733.mod.pep.xml"
time="11:10:37" level=info msg="1+ Charge profile" decoy=0 target=32768
time="11:10:37" level=info msg="2+ Charge profile" decoy=0 target=2671966
time="11:10:37" level=info msg="3+ Charge profile" decoy=0 target=1056491
time="11:10:37" level=info msg="4+ Charge profile" decoy=0 target=112590
time="11:10:37" level=info msg="5+ Charge profile" decoy=0 target=9133
time="11:10:37" level=info msg="6+ Charge profile" decoy=0 target=0
time="11:10:47" level=info msg="Database search results" ions=779065 peptides=615374 psms=3882948
time="11:10:52" level=info msg="Converged to 0.00 % FDR with 3882948 PSMs" decoy=0 threshold=0.05 total=3882948
time="11:10:53" level=info msg="Converged to 0.00 % FDR with 615374 Peptides" decoy=0 threshold=0.05 total=615374
time="11:10:54" level=info msg="Converged to 0.00 % FDR with 779065 Ions" decoy=0 threshold=0.05 total=779065
time="11:10:54" level=info msg="Protein inference results" decoy=9898 target=181716
time="11:10:58" level=info msg="Converged to 0.31 % FDR with 141772 Proteins" decoy=505 threshold=0 total=142277
time="11:11:25" level=info msg="Applying sequential FDR estimation" ions=759930 peptides=596953 psms=3861108
time="11:11:32" level=info msg="3861108 PSMs" decoy=0 threshold=0.05 total=3861108
time="11:11:32" level=info msg="596953 Peptides" decoy=0 threshold=0.0501 total=596953
time="11:11:33" level=info msg="759930 Ions" decoy=0 threshold=0.05 total=759930
time="11:11:33" level=info msg="Post processing identifications"
time="11:12:36" level=info msg="Assigning protein identifications to layers"
time="11:19:40" level=info msg="Processing protein inference"
time="11:20:04" level=info msg="Synchronizing PSMs and proteins"
time="11:21:07" level=info msg="Final report numbers after FDR filtering, and post-processing" ions=759385 peptides=596437 proteins=141772 psms=3860318
time="11:21:07" level=info msg=Saving
time="11:21:54" level=info msg=Done
