time="15:35:20" level=info msg="Executing Filter  v5.1.3"
time="15:35:20" level=info msg="Processing peptide identification files"
time="15:35:20" level=info msg="Parsing C:\\Users\\Delphine_2026\\FragPipe_results\\embryo_run01\\interact-WHEATEMB9.pep.xml"
time="15:35:20" level=info msg="Parsing C:\\Users\\Delphine_2026\\FragPipe_results\\embryo_run01\\interact-WHEATEMB1.pep.xml"
time="15:35:20" level=info msg="Parsing C:\\Users\\Delphine_2026\\FragPipe_results\\embryo_run01\\interact-WHEATEMB3.pep.xml"
time="15:35:20" level=info msg="Parsing C:\\Users\\Delphine_2026\\FragPipe_results\\embryo_run01\\interact-WHEATEMB4.pep.xml"
time="15:35:20" level=info msg="Parsing C:\\Users\\Delphine_2026\\FragPipe_results\\embryo_run01\\interact-WHEATEMB11.pep.xml"
time="15:35:20" level=info msg="Parsing C:\\Users\\Delphine_2026\\FragPipe_results\\embryo_run01\\interact-WHEATEMB10.pep.xml"
time="15:35:20" level=info msg="Parsing C:\\Users\\Delphine_2026\\FragPipe_results\\embryo_run01\\interact-WHEATEMB12.pep.xml"
time="15:35:20" level=info msg="Parsing C:\\Users\\Delphine_2026\\FragPipe_results\\embryo_run01\\interact-WHEATEMB6.pep.xml"
time="15:35:20" level=info msg="Parsing C:\\Users\\Delphine_2026\\FragPipe_results\\embryo_run01\\interact-WHEATEMB5.pep.xml"
time="15:35:20" level=info msg="Parsing C:\\Users\\Delphine_2026\\FragPipe_results\\embryo_run01\\interact-WHEATEMB7.pep.xml"
time="15:35:20" level=info msg="Parsing C:\\Users\\Delphine_2026\\FragPipe_results\\embryo_run01\\interact-WHEATEMB2.pep.xml"
time="15:35:20" level=info msg="Parsing C:\\Users\\Delphine_2026\\FragPipe_results\\embryo_run01\\interact-WHEATEMB8.pep.xml"
time="15:35:20" level=info msg="1+ Charge profile" decoy=0 target=0
time="15:35:20" level=info msg="2+ Charge profile" decoy=0 target=2970
time="15:35:20" level=info msg="3+ Charge profile" decoy=0 target=1363
time="15:35:20" level=info msg="4+ Charge profile" decoy=0 target=302
time="15:35:20" level=info msg="5+ Charge profile" decoy=0 target=51
time="15:35:20" level=info msg="6+ Charge profile" decoy=0 target=0
time="15:35:20" level=info msg="Database search results" ions=3026 peptides=2914 psms=4686
time="15:35:20" level=info msg="Converged to 0.00 % FDR with 4685 PSMs" decoy=0 threshold=0.0501 total=4685
time="15:35:20" level=info msg="Converged to 0.00 % FDR with 2913 Peptides" decoy=0 threshold=0.0501 total=2913
time="15:35:20" level=info msg="Converged to 0.00 % FDR with 3025 Ions" decoy=0 threshold=0.0501 total=3025
time="15:35:20" level=info msg="Protein inference results" decoy=51 target=2739
time="15:35:20" level=info msg="Converged to 0.77 % FDR with 2403 Proteins" decoy=18 threshold=0 total=2421
time="15:35:20" level=info msg="Applying sequential FDR estimation" ions=2998 peptides=2886 psms=4657
time="15:35:20" level=info msg="4657 PSMs" decoy=0 threshold=0.0501 total=4657
time="15:35:20" level=info msg="2886 Peptides" decoy=0 threshold=0.0501 total=2886
time="15:35:20" level=info msg="2998 Ions" decoy=0 threshold=0.0501 total=2998
time="15:35:20" level=info msg="Post processing identifications"
time="15:35:20" level=info msg="Assigning protein identifications to layers"
time="15:35:21" level=info msg="Processing protein inference"
time="15:35:22" level=info msg="Synchronizing PSMs and proteins"
time="15:35:22" level=info msg="Final report numbers after FDR filtering, and post-processing" ions=2980 peptides=2868 proteins=2403 psms=4631
time="15:35:22" level=info msg=Saving
time="15:35:22" level=info msg=Done
