time="10:08:50" level=info msg="Executing Filter  v5.1.3"
time="10:08:50" level=info msg="Processing peptide identification files"
time="10:08:50" level=info msg="Parsing C:\\Users\\Delphine_2026\\FragPipe_results\\node_run01\\interact-NODE12.pep.xml"
time="10:08:50" level=info msg="Parsing C:\\Users\\Delphine_2026\\FragPipe_results\\node_run01\\interact-NODE03.pep.xml"
time="10:08:50" level=info msg="Parsing C:\\Users\\Delphine_2026\\FragPipe_results\\node_run01\\interact-NODE01.pep.xml"
time="10:08:50" level=info msg="Parsing C:\\Users\\Delphine_2026\\FragPipe_results\\node_run01\\interact-NODE07.pep.xml"
time="10:08:51" level=info msg="Parsing C:\\Users\\Delphine_2026\\FragPipe_results\\node_run01\\interact-NODE04.pep.xml"
time="10:08:51" level=info msg="Parsing C:\\Users\\Delphine_2026\\FragPipe_results\\node_run01\\interact-NODE05.pep.xml"
time="10:08:51" level=info msg="Parsing C:\\Users\\Delphine_2026\\FragPipe_results\\node_run01\\interact-NODE06.pep.xml"
time="10:08:51" level=info msg="Parsing C:\\Users\\Delphine_2026\\FragPipe_results\\node_run01\\interact-NODE02.pep.xml"
time="10:08:52" level=info msg="Parsing C:\\Users\\Delphine_2026\\FragPipe_results\\node_run01\\interact-NODE09.pep.xml"
time="10:08:52" level=info msg="Parsing C:\\Users\\Delphine_2026\\FragPipe_results\\node_run01\\interact-NODE08.pep.xml"
time="10:08:52" level=info msg="Parsing C:\\Users\\Delphine_2026\\FragPipe_results\\node_run01\\interact-NODE10.pep.xml"
time="10:08:52" level=info msg="Parsing C:\\Users\\Delphine_2026\\FragPipe_results\\node_run01\\interact-NODE11.pep.xml"
time="10:08:53" level=info msg="1+ Charge profile" decoy=0 target=0
time="10:08:53" level=info msg="2+ Charge profile" decoy=0 target=43297
time="10:08:53" level=info msg="3+ Charge profile" decoy=0 target=22697
time="10:08:53" level=info msg="4+ Charge profile" decoy=0 target=3547
time="10:08:53" level=info msg="5+ Charge profile" decoy=0 target=570
time="10:08:53" level=info msg="6+ Charge profile" decoy=0 target=0
time="10:08:53" level=info msg="Database search results" ions=24487 peptides=21847 psms=70111
time="10:08:53" level=info msg="Converged to 0.00 % FDR with 70111 PSMs" decoy=0 threshold=0.05 total=70111
time="10:08:53" level=info msg="Converged to 0.00 % FDR with 21847 Peptides" decoy=0 threshold=0.05 total=21847
time="10:08:53" level=info msg="Converged to 0.00 % FDR with 24487 Ions" decoy=0 threshold=0.05 total=24487
time="10:08:53" level=info msg="Protein inference results" decoy=552 target=14861
time="10:08:53" level=info msg="Converged to 0.26 % FDR with 10530 Proteins" decoy=30 threshold=0 total=10560
time="10:08:54" level=info msg="Applying sequential FDR estimation" ions=24175 peptides=21538 psms=69778
time="10:08:54" level=info msg="69778 PSMs" decoy=0 threshold=0.05 total=69778
time="10:08:54" level=info msg="21538 Peptides" decoy=0 threshold=0.0501 total=21538
time="10:08:54" level=info msg="24175 Ions" decoy=0 threshold=0.0501 total=24175
time="10:08:54" level=info msg="Post processing identifications"
time="10:08:55" level=info msg="Assigning protein identifications to layers"
time="10:09:00" level=info msg="Processing protein inference"
time="10:09:01" level=info msg="Synchronizing PSMs and proteins"
time="10:09:02" level=info msg="Final report numbers after FDR filtering, and post-processing" ions=24145 peptides=21508 proteins=10530 psms=69714
time="10:09:02" level=info msg=Saving
time="10:09:02" level=info msg=Done
