time="11:38:57" level=info msg="Executing Filter  v5.1.3"
time="11:38:57" level=info msg="Processing peptide identification files"
time="11:38:57" level=info msg="Parsing C:\\Users\\Delphine_2026\\FragPipe_results\\pericarp_run01\\interact-SEEDC-r012.pep.xml"
time="11:38:57" level=info msg="Parsing C:\\Users\\Delphine_2026\\FragPipe_results\\pericarp_run01\\interact-SEEDC-r003.pep.xml"
time="11:38:57" level=info msg="Parsing C:\\Users\\Delphine_2026\\FragPipe_results\\pericarp_run01\\interact-SEEDC-r001.pep.xml"
time="11:38:57" level=info msg="Parsing C:\\Users\\Delphine_2026\\FragPipe_results\\pericarp_run01\\interact-SEEDC-r002.pep.xml"
time="11:38:57" level=info msg="Parsing C:\\Users\\Delphine_2026\\FragPipe_results\\pericarp_run01\\interact-SEEDC-r007.pep.xml"
time="11:38:58" level=info msg="Parsing C:\\Users\\Delphine_2026\\FragPipe_results\\pericarp_run01\\interact-SEEDC-r004.pep.xml"
time="11:38:58" level=info msg="Parsing C:\\Users\\Delphine_2026\\FragPipe_results\\pericarp_run01\\interact-SEEDC-r005.pep.xml"
time="11:38:58" level=info msg="Parsing C:\\Users\\Delphine_2026\\FragPipe_results\\pericarp_run01\\interact-SEEDC-r006.pep.xml"
time="11:38:58" level=info msg="Parsing C:\\Users\\Delphine_2026\\FragPipe_results\\pericarp_run01\\interact-SEEDC-r009.pep.xml"
time="11:38:59" level=info msg="Parsing C:\\Users\\Delphine_2026\\FragPipe_results\\pericarp_run01\\interact-SEEDC-r008.pep.xml"
time="11:38:59" level=info msg="Parsing C:\\Users\\Delphine_2026\\FragPipe_results\\pericarp_run01\\interact-SEEDC-r010.pep.xml"
time="11:38:59" level=info msg="Parsing C:\\Users\\Delphine_2026\\FragPipe_results\\pericarp_run01\\interact-SEEDC-r011.pep.xml"
time="11:39:00" level=info msg="1+ Charge profile" decoy=0 target=0
time="11:39:00" level=info msg="2+ Charge profile" decoy=0 target=65925
time="11:39:00" level=info msg="3+ Charge profile" decoy=0 target=43985
time="11:39:00" level=info msg="4+ Charge profile" decoy=0 target=10663
time="11:39:00" level=info msg="5+ Charge profile" decoy=0 target=2986
time="11:39:00" level=info msg="6+ Charge profile" decoy=0 target=0
time="11:39:01" level=info msg="Database search results" ions=33822 peptides=28646 psms=123559
time="11:39:01" level=info msg="Converged to 0.00 % FDR with 123559 PSMs" decoy=0 threshold=0.0501 total=123559
time="11:39:01" level=info msg="Converged to 0.00 % FDR with 28646 Peptides" decoy=0 threshold=0.0501 total=28646
time="11:39:01" level=info msg="Converged to 0.00 % FDR with 33822 Ions" decoy=0 threshold=0.0501 total=33822
time="11:39:01" level=info msg="Protein inference results" decoy=435 target=14518
time="11:39:01" level=info msg="Converged to 0.25 % FDR with 9466 Proteins" decoy=24 threshold=0 total=9490
time="11:39:02" level=info msg="Applying sequential FDR estimation" ions=33648 peptides=28472 psms=123369
time="11:39:02" level=info msg="123369 PSMs" decoy=0 threshold=0.0501 total=123369
time="11:39:02" level=info msg="28472 Peptides" decoy=0 threshold=0.0501 total=28472
time="11:39:02" level=info msg="33648 Ions" decoy=0 threshold=0.0501 total=33648
time="11:39:02" level=info msg="Post processing identifications"
time="11:39:03" level=info msg="Assigning protein identifications to layers"
time="11:39:13" level=info msg="Processing protein inference"
time="11:39:14" level=info msg="Synchronizing PSMs and proteins"
time="11:39:15" level=info msg="Final report numbers after FDR filtering, and post-processing" ions=33624 peptides=28448 proteins=9466 psms=123324
time="11:39:15" level=info msg=Saving
time="11:39:15" level=info msg=Done
