time="21:32:44" level=info msg="Executing Filter  v5.1.3"
time="21:32:44" level=info msg="Processing peptide identification files"
time="21:32:44" level=info msg="Parsing C:\\Users\\Delphine_2026\\FragPipe_results\\grain-Z83_run01\\interact-ZADOCKS83_9.pep.xml"
time="21:32:44" level=info msg="Parsing C:\\Users\\Delphine_2026\\FragPipe_results\\grain-Z83_run01\\interact-ZADOCKS83_1.pep.xml"
time="21:32:44" level=info msg="Parsing C:\\Users\\Delphine_2026\\FragPipe_results\\grain-Z83_run01\\interact-ZADOCKS83_3.pep.xml"
time="21:32:44" level=info msg="Parsing C:\\Users\\Delphine_2026\\FragPipe_results\\grain-Z83_run01\\interact-ZADOCKS83_10.pep.xml"
time="21:32:45" level=info msg="Parsing C:\\Users\\Delphine_2026\\FragPipe_results\\grain-Z83_run01\\interact-ZADOCKS83_11.pep.xml"
time="21:32:45" level=info msg="Parsing C:\\Users\\Delphine_2026\\FragPipe_results\\grain-Z83_run01\\interact-ZADOCKS83_12.pep.xml"
time="21:32:45" level=info msg="Parsing C:\\Users\\Delphine_2026\\FragPipe_results\\grain-Z83_run01\\interact-ZADOCKS83_2.pep.xml"
time="21:32:45" level=info msg="Parsing C:\\Users\\Delphine_2026\\FragPipe_results\\grain-Z83_run01\\interact-ZADOCKS83_6.pep.xml"
time="21:32:45" level=info msg="Parsing C:\\Users\\Delphine_2026\\FragPipe_results\\grain-Z83_run01\\interact-ZADOCKS83_4.pep.xml"
time="21:32:46" level=info msg="Parsing C:\\Users\\Delphine_2026\\FragPipe_results\\grain-Z83_run01\\interact-ZADOCKS83_5.pep.xml"
time="21:32:46" level=info msg="Parsing C:\\Users\\Delphine_2026\\FragPipe_results\\grain-Z83_run01\\interact-ZADOCKS83_7.pep.xml"
time="21:32:46" level=info msg="Parsing C:\\Users\\Delphine_2026\\FragPipe_results\\grain-Z83_run01\\interact-ZADOCKS83_8.pep.xml"
time="21:32:46" level=warning msg="No PSM was found in data set. C:\\Users\\Delphine_2026\\FragPipe_results\\grain-Z83_run01\\interact-ZADOCKS83_8.pep.xml"
time="21:32:47" level=info msg="1+ Charge profile" decoy=0 target=0
time="21:32:47" level=info msg="2+ Charge profile" decoy=0 target=65115
time="21:32:47" level=info msg="3+ Charge profile" decoy=0 target=20645
time="21:32:47" level=info msg="4+ Charge profile" decoy=0 target=1647
time="21:32:47" level=info msg="5+ Charge profile" decoy=0 target=175
time="21:32:47" level=info msg="6+ Charge profile" decoy=0 target=0
time="21:32:47" level=info msg="Database search results" ions=27966 peptides=24375 psms=87582
time="21:32:47" level=info msg="Converged to 0.00 % FDR with 87582 PSMs" decoy=0 threshold=0.0501 total=87582
time="21:32:47" level=info msg="Converged to 0.00 % FDR with 24375 Peptides" decoy=0 threshold=0.0501 total=24375
time="21:32:47" level=info msg="Converged to 0.00 % FDR with 27966 Ions" decoy=0 threshold=0.0501 total=27966
time="21:32:47" level=info msg="Protein inference results" decoy=637 target=15251
time="21:32:47" level=info msg="Converged to 0.40 % FDR with 10194 Proteins" decoy=44 threshold=0 total=10238
time="21:32:48" level=info msg="Applying sequential FDR estimation" ions=27685 peptides=24096 psms=87276
time="21:32:48" level=info msg="87276 PSMs" decoy=0 threshold=0.0501 total=87276
time="21:32:48" level=info msg="24096 Peptides" decoy=0 threshold=0.0501 total=24096
time="21:32:48" level=info msg="27685 Ions" decoy=0 threshold=0.0501 total=27685
time="21:32:48" level=info msg="Post processing identifications"
time="21:32:49" level=info msg="Assigning protein identifications to layers"
time="21:32:56" level=info msg="Processing protein inference"
time="21:32:57" level=info msg="Synchronizing PSMs and proteins"
time="21:32:58" level=info msg="Final report numbers after FDR filtering, and post-processing" ions=27640 peptides=24051 proteins=10194 psms=87179
time="21:32:58" level=info msg=Saving
time="21:32:58" level=info msg=Done
