time="10:23:29" level=info msg="Executing Filter  v5.1.3"
time="10:23:29" level=info msg="Processing peptide identification files"
time="10:23:29" level=info msg="Parsing C:\\Users\\Delphine_2026\\FragPipe_results\\hairy-roots_run01\\interact-HAIRY_ROOT-r001.pep.xml"
time="10:23:29" level=info msg="Parsing C:\\Users\\Delphine_2026\\FragPipe_results\\hairy-roots_run01\\interact-HAIRY_ROOT-r012.pep.xml"
time="10:23:29" level=info msg="Parsing C:\\Users\\Delphine_2026\\FragPipe_results\\hairy-roots_run01\\interact-HAIRY_ROOT-r003.pep.xml"
time="10:23:29" level=info msg="Parsing C:\\Users\\Delphine_2026\\FragPipe_results\\hairy-roots_run01\\interact-HAIRY_ROOT-r002.pep.xml"
time="10:23:30" level=info msg="Parsing C:\\Users\\Delphine_2026\\FragPipe_results\\hairy-roots_run01\\interact-HAIRY_ROOT-r004.pep.xml"
time="10:23:30" level=info msg="Parsing C:\\Users\\Delphine_2026\\FragPipe_results\\hairy-roots_run01\\interact-HAIRY_ROOT-r005.pep.xml"
time="10:23:30" level=info msg="Parsing C:\\Users\\Delphine_2026\\FragPipe_results\\hairy-roots_run01\\interact-HAIRY_ROOT-r006.pep.xml"
time="10:23:30" level=info msg="Parsing C:\\Users\\Delphine_2026\\FragPipe_results\\hairy-roots_run01\\interact-HAIRY_ROOT-r007.pep.xml"
time="10:23:31" level=info msg="Parsing C:\\Users\\Delphine_2026\\FragPipe_results\\hairy-roots_run01\\interact-HAIRY_ROOT-r008.pep.xml"
time="10:23:31" level=info msg="Parsing C:\\Users\\Delphine_2026\\FragPipe_results\\hairy-roots_run01\\interact-HAIRY_ROOT-r009.pep.xml"
time="10:23:32" level=info msg="Parsing C:\\Users\\Delphine_2026\\FragPipe_results\\hairy-roots_run01\\interact-HAIRY_ROOT-r010.pep.xml"
time="10:23:32" level=info msg="Parsing C:\\Users\\Delphine_2026\\FragPipe_results\\hairy-roots_run01\\interact-HAIRY_ROOT-r011.pep.xml"
time="10:23:35" level=info msg="1+ Charge profile" decoy=0 target=0
time="10:23:35" level=info msg="2+ Charge profile" decoy=0 target=82515
time="10:23:35" level=info msg="3+ Charge profile" decoy=0 target=54517
time="10:23:35" level=info msg="4+ Charge profile" decoy=0 target=13074
time="10:23:35" level=info msg="5+ Charge profile" decoy=0 target=3608
time="10:23:35" level=info msg="6+ Charge profile" decoy=0 target=0
time="10:23:36" level=info msg="Database search results" ions=47801 peptides=40007 psms=153714
time="10:23:36" level=info msg="Converged to 0.00 % FDR with 153713 PSMs" decoy=0 threshold=0.0501 total=153713
time="10:23:36" level=info msg="Converged to 0.00 % FDR with 40006 Peptides" decoy=0 threshold=0.0501 total=40006
time="10:23:36" level=info msg="Converged to 0.00 % FDR with 47800 Ions" decoy=0 threshold=0.0501 total=47800
time="10:23:36" level=info msg="Protein inference results" decoy=599 target=18922
time="10:23:36" level=info msg="Converged to 0.19 % FDR with 11752 Proteins" decoy=28 threshold=0 total=11780
time="10:23:37" level=info msg="Applying sequential FDR estimation" ions=47526 peptides=39732 psms=153419
time="10:23:37" level=info msg="153419 PSMs" decoy=0 threshold=0.0501 total=153419
time="10:23:37" level=info msg="39732 Peptides" decoy=0 threshold=0.0501 total=39732
time="10:23:37" level=info msg="47526 Ions" decoy=0 threshold=0.0501 total=47526
time="10:23:37" level=info msg="Post processing identifications"
time="10:23:39" level=info msg="Assigning protein identifications to layers"
time="10:23:52" level=info msg="Processing protein inference"
time="10:23:53" level=info msg="Synchronizing PSMs and proteins"
time="10:23:54" level=info msg="Final report numbers after FDR filtering, and post-processing" ions=47498 peptides=39704 proteins=11752 psms=153383
time="10:23:54" level=info msg=Saving
time="10:23:55" level=info msg=Done
