time="23:28:09" level=info msg="Executing Filter  v5.1.3"
time="23:28:09" level=info msg="Processing peptide identification files"
time="23:28:09" level=info msg="Parsing C:\\Users\\Delphine_2026\\FragPipe_results\\germ_run01\\interact-230301-RD-Germ-Trypsin-lys-cHPLC-10_30-1_Slot1-34_1_750.mod.pep.xml"
time="23:28:09" level=info msg="Parsing C:\\Users\\Delphine_2026\\FragPipe_results\\germ_run01\\interact-230301-RD-Germ-Trypsin-lys-cHPLC-12_30-1_Slot1-36_1_752.mod.pep.xml"
time="23:28:09" level=info msg="Parsing C:\\Users\\Delphine_2026\\FragPipe_results\\germ_run01\\interact-230306-RD-Germ-Trypsin-lys-cHPLC-30_30-2_Slot1-54_1_823.mod.pep.xml"
time="23:28:09" level=info msg="Parsing C:\\Users\\Delphine_2026\\FragPipe_results\\germ_run01\\interact-230301-RD-Germ-Trypsin-lys-cHPLC-10_30-2_Slot1-34_1_766.mod.pep.xml"
time="23:28:15" level=info msg="Parsing C:\\Users\\Delphine_2026\\FragPipe_results\\germ_run01\\interact-230303-RD-Germ-Trypsin-lys-cHPLC-17_30-1_Slot1-41_1_783.mod.pep.xml"
time="23:28:15" level=info msg="Parsing C:\\Users\\Delphine_2026\\FragPipe_results\\germ_run01\\interact-230301-RD-Germ-Trypsin-lys-cHPLC-12_30-2_Slot1-36_1_768.mod.pep.xml"
time="23:28:15" level=info msg="Parsing C:\\Users\\Delphine_2026\\FragPipe_results\\germ_run01\\interact-230301-RD-Germ-Trypsin-lys-cHPLC-1_30-1_Slot1-25_1_738.mod.pep.xml"
time="23:28:16" level=info msg="Parsing C:\\Users\\Delphine_2026\\FragPipe_results\\germ_run01\\interact-230301-RD-Germ-Trypsin-lys-cHPLC-1_30-2_Slot1-25_1_753.mod.pep.xml"
time="23:28:22" level=info msg="Parsing C:\\Users\\Delphine_2026\\FragPipe_results\\germ_run01\\interact-230301-RD-Germ-Trypsin-lys-cHPLC-2_30-1_Slot1-26_1_739.mod.pep.xml"
time="23:28:22" level=info msg="Parsing C:\\Users\\Delphine_2026\\FragPipe_results\\germ_run01\\interact-230301-RD-Germ-Trypsin-lys-cHPLC-2_30-2_Slot1-26_1_754.mod.pep.xml"
time="23:28:23" level=info msg="Parsing C:\\Users\\Delphine_2026\\FragPipe_results\\germ_run01\\interact-230301-RD-Germ-Trypsin-lys-cHPLC-3_30-1_Slot1-27_1_740.mod.pep.xml"
time="23:28:23" level=info msg="Parsing C:\\Users\\Delphine_2026\\FragPipe_results\\germ_run01\\interact-230301-RD-Germ-Trypsin-lys-cHPLC-3_30-2_Slot1-27_1_755.mod.pep.xml"
time="23:28:29" level=info msg="Parsing C:\\Users\\Delphine_2026\\FragPipe_results\\germ_run01\\interact-230301-RD-Germ-Trypsin-lys-cHPLC-4_30-2_Slot1-28_1_756.mod.pep.xml"
time="23:28:29" level=info msg="Parsing C:\\Users\\Delphine_2026\\FragPipe_results\\germ_run01\\interact-230301-RD-Germ-Trypsin-lys-cHPLC-5_30-1_Slot1-29_1_742.mod.pep.xml"
time="23:28:30" level=info msg="Parsing C:\\Users\\Delphine_2026\\FragPipe_results\\germ_run01\\interact-230301-RD-Germ-Trypsin-lys-cHPLC-5_30-2_Slot1-29_1_761.mod.pep.xml"
time="23:28:31" level=info msg="Parsing C:\\Users\\Delphine_2026\\FragPipe_results\\germ_run01\\interact-230301-RD-Germ-Trypsin-lys-cHPLC-6_30-1_Slot1-30_1_743.mod.pep.xml"
time="23:28:36" level=info msg="Parsing C:\\Users\\Delphine_2026\\FragPipe_results\\germ_run01\\interact-230301-RD-Germ-Trypsin-lys-cHPLC-6_30-2_Slot1-30_1_762.mod.pep.xml"
time="23:28:36" level=info msg="Parsing C:\\Users\\Delphine_2026\\FragPipe_results\\germ_run01\\interact-230301-RD-Germ-Trypsin-lys-cHPLC-7_30-1_Slot1-31_1_744.mod.pep.xml"
time="23:28:37" level=info msg="Parsing C:\\Users\\Delphine_2026\\FragPipe_results\\germ_run01\\interact-230301-RD-Germ-Trypsin-lys-cHPLC-7_30-2_Slot1-31_1_763.mod.pep.xml"
time="23:28:38" level=info msg="Parsing C:\\Users\\Delphine_2026\\FragPipe_results\\germ_run01\\interact-230301-RD-Germ-Trypsin-lys-cHPLC-8_30-1_Slot1-32_1_745.mod.pep.xml"
time="23:28:43" level=info msg="Parsing C:\\Users\\Delphine_2026\\FragPipe_results\\germ_run01\\interact-230301-RD-Germ-Trypsin-lys-cHPLC-8_30-2_Slot1-32_1_764.mod.pep.xml"
time="23:28:43" level=info msg="Parsing C:\\Users\\Delphine_2026\\FragPipe_results\\germ_run01\\interact-230301-RD-Germ-Trypsin-lys-cHPLC-9_30-1_Slot1-33_1_749.mod.pep.xml"
time="23:28:44" level=info msg="Parsing C:\\Users\\Delphine_2026\\FragPipe_results\\germ_run01\\interact-230301-RD-Germ-Trypsin-lys-cHPLC-9_30-2_Slot1-33_1_765.mod.pep.xml"
time="23:28:44" level=info msg="Parsing C:\\Users\\Delphine_2026\\FragPipe_results\\germ_run01\\interact-230303-RD-Germ-Trypsin-lys-cHPLC-13_30-1_Slot1-37_1_772.mod.pep.xml"
time="23:28:49" level=info msg="Parsing C:\\Users\\Delphine_2026\\FragPipe_results\\germ_run01\\interact-230303-RD-Germ-Trypsin-lys-cHPLC-13_30-2_Slot1-37_1_773.mod.pep.xml"
time="23:28:49" level=info msg="Parsing C:\\Users\\Delphine_2026\\FragPipe_results\\germ_run01\\interact-230303-RD-Germ-Trypsin-lys-cHPLC-14_30-1_Slot1-38_1_774.mod.pep.xml"
time="23:28:50" level=info msg="Parsing C:\\Users\\Delphine_2026\\FragPipe_results\\germ_run01\\interact-230303-RD-Germ-Trypsin-lys-cHPLC-14_30-2_Slot1-38_1_775.mod.pep.xml"
time="23:28:50" level=info msg="Parsing C:\\Users\\Delphine_2026\\FragPipe_results\\germ_run01\\interact-230303-RD-Germ-Trypsin-lys-cHPLC-15_30-1_Slot1-39_1_776.mod.pep.xml"
time="23:28:56" level=info msg="Parsing C:\\Users\\Delphine_2026\\FragPipe_results\\germ_run01\\interact-230303-RD-Germ-Trypsin-lys-cHPLC-15_30-2_Slot1-39_1_777.mod.pep.xml"
time="23:28:56" level=info msg="Parsing C:\\Users\\Delphine_2026\\FragPipe_results\\germ_run01\\interact-230303-RD-Germ-Trypsin-lys-cHPLC-16_30-1_Slot1-40_1_778.mod.pep.xml"
time="23:28:56" level=info msg="Parsing C:\\Users\\Delphine_2026\\FragPipe_results\\germ_run01\\interact-230303-RD-Germ-Trypsin-lys-cHPLC-16_30-2_Slot1-40_1_779.mod.pep.xml"
time="23:28:57" level=info msg="Parsing C:\\Users\\Delphine_2026\\FragPipe_results\\germ_run01\\interact-230301-RD-Germ-Trypsin-lys-cHPLC-11_30-1_Slot1-35_1_751.mod.pep.xml"
time="23:29:02" level=info msg="Parsing C:\\Users\\Delphine_2026\\FragPipe_results\\germ_run01\\interact-230301-RD-Germ-Trypsin-lys-cHPLC-11_30-2_Slot1-35_1_767.mod.pep.xml"
time="23:29:03" level=info msg="Parsing C:\\Users\\Delphine_2026\\FragPipe_results\\germ_run01\\interact-230303-RD-Germ-Trypsin-lys-cHPLC-23_30-2_Slot1-47_1_801.mod.pep.xml"
time="23:29:04" level=info msg="Parsing C:\\Users\\Delphine_2026\\FragPipe_results\\germ_run01\\interact-230303-RD-Germ-Trypsin-lys-cHPLC-17_30-2_Slot1-41_1_784.mod.pep.xml"
time="23:29:04" level=info msg="Parsing C:\\Users\\Delphine_2026\\FragPipe_results\\germ_run01\\interact-230303-RD-Germ-Trypsin-lys-cHPLC-18_30-1_Slot1-42_1_785.mod.pep.xml"
time="23:29:08" level=info msg="Parsing C:\\Users\\Delphine_2026\\FragPipe_results\\germ_run01\\interact-230303-RD-Germ-Trypsin-lys-cHPLC-18_30-2_Slot1-42_1_786.mod.pep.xml"
time="23:29:10" level=info msg="Parsing C:\\Users\\Delphine_2026\\FragPipe_results\\germ_run01\\interact-230303-RD-Germ-Trypsin-lys-cHPLC-19_30-1_Slot1-43_1_787.mod.pep.xml"
time="23:29:10" level=info msg="Parsing C:\\Users\\Delphine_2026\\FragPipe_results\\germ_run01\\interact-230303-RD-Germ-Trypsin-lys-cHPLC-19_30-2_Slot1-43_1_788.mod.pep.xml"
time="23:29:10" level=info msg="Parsing C:\\Users\\Delphine_2026\\FragPipe_results\\germ_run01\\interact-230303-RD-Germ-Trypsin-lys-cHPLC-20_30-1_Slot1-44_1_789.mod.pep.xml"
time="23:29:16" level=info msg="Parsing C:\\Users\\Delphine_2026\\FragPipe_results\\germ_run01\\interact-230303-RD-Germ-Trypsin-lys-cHPLC-20_30-2_Slot1-44_1_790.mod.pep.xml"
time="23:29:17" level=info msg="Parsing C:\\Users\\Delphine_2026\\FragPipe_results\\germ_run01\\interact-230303-RD-Germ-Trypsin-lys-cHPLC-21_30-1_Slot1-45_1_796.mod.pep.xml"
time="23:29:18" level=info msg="Parsing C:\\Users\\Delphine_2026\\FragPipe_results\\germ_run01\\interact-230303-RD-Germ-Trypsin-lys-cHPLC-21_30-2_Slot1-45_1_797.mod.pep.xml"
time="23:29:18" level=info msg="Parsing C:\\Users\\Delphine_2026\\FragPipe_results\\germ_run01\\interact-230303-RD-Germ-Trypsin-lys-cHPLC-22_30-1_Slot1-46_1_798.mod.pep.xml"
time="23:29:22" level=info msg="Parsing C:\\Users\\Delphine_2026\\FragPipe_results\\germ_run01\\interact-230303-RD-Germ-Trypsin-lys-cHPLC-22_30-2_Slot1-46_1_799.mod.pep.xml"
time="23:29:23" level=info msg="Parsing C:\\Users\\Delphine_2026\\FragPipe_results\\germ_run01\\interact-230303-RD-Germ-Trypsin-lys-cHPLC-23_30-1_Slot1-47_1_800.mod.pep.xml"
time="23:29:24" level=info msg="Parsing C:\\Users\\Delphine_2026\\FragPipe_results\\germ_run01\\interact-230306-RD-Germ-Trypsin-lys-cHPLC-27_30-1_Slot1-51_1_813.mod.pep.xml"
time="23:29:24" level=info msg="Parsing C:\\Users\\Delphine_2026\\FragPipe_results\\germ_run01\\interact-230303-RD-Germ-Trypsin-lys-cHPLC-24_30-1_Slot1-48_1_807.mod.pep.xml"
time="23:29:30" level=info msg="Parsing C:\\Users\\Delphine_2026\\FragPipe_results\\germ_run01\\interact-230303-RD-Germ-Trypsin-lys-cHPLC-24_30-2_Slot1-48_1_808.mod.pep.xml"
time="23:29:31" level=info msg="Parsing C:\\Users\\Delphine_2026\\FragPipe_results\\germ_run01\\interact-230306-RD-Germ-Trypsin-lys-cHPLC-25_30-1_Slot1-49_1_809.mod.pep.xml"
time="23:29:32" level=info msg="Parsing C:\\Users\\Delphine_2026\\FragPipe_results\\germ_run01\\interact-230306-RD-Germ-Trypsin-lys-cHPLC-25_30-2_Slot1-49_1_810.mod.pep.xml"
time="23:29:32" level=info msg="Parsing C:\\Users\\Delphine_2026\\FragPipe_results\\germ_run01\\interact-230306-RD-Germ-Trypsin-lys-cHPLC-26_30-1_Slot1-50_1_811.mod.pep.xml"
time="23:29:36" level=info msg="Parsing C:\\Users\\Delphine_2026\\FragPipe_results\\germ_run01\\interact-230306-RD-Germ-Trypsin-lys-cHPLC-26_30-2_Slot1-50_1_812.mod.pep.xml"
time="23:29:38" level=info msg="Parsing C:\\Users\\Delphine_2026\\FragPipe_results\\germ_run01\\interact-230306-RD-Germ-Trypsin-lys-cHPLC-28_30-2_Slot1-52_1_819.mod.pep.xml"
time="23:29:38" level=info msg="Parsing C:\\Users\\Delphine_2026\\FragPipe_results\\germ_run01\\interact-230306-RD-Germ-Trypsin-lys-cHPLC-27_30-2_Slot1-51_1_814.mod.pep.xml"
time="23:29:38" level=info msg="Parsing C:\\Users\\Delphine_2026\\FragPipe_results\\germ_run01\\interact-230306-RD-Germ-Trypsin-lys-cHPLC-28_30-1_Slot1-52_1_818.mod.pep.xml"
time="23:29:44" level=info msg="Parsing C:\\Users\\Delphine_2026\\FragPipe_results\\germ_run01\\interact-230306-RD-Germ-Trypsin-lys-cHPLC-29_30-2_Slot1-53_1_821.mod.pep.xml"
time="23:29:45" level=info msg="Parsing C:\\Users\\Delphine_2026\\FragPipe_results\\germ_run01\\interact-230306-RD-Germ-Trypsin-lys-cHPLC-29_30-1_Slot1-53_1_820.mod.pep.xml"
time="23:29:46" level=info msg="Parsing C:\\Users\\Delphine_2026\\FragPipe_results\\germ_run01\\interact-230306-RD-Germ-Trypsin-lys-cHPLC-30_30-1_Slot1-54_1_822.mod.pep.xml"
time="23:29:54" level=info msg="1+ Charge profile" decoy=0 target=37013
time="23:29:54" level=info msg="2+ Charge profile" decoy=0 target=3229918
time="23:29:54" level=info msg="3+ Charge profile" decoy=0 target=1099439
time="23:29:54" level=info msg="4+ Charge profile" decoy=0 target=80335
time="23:29:54" level=info msg="5+ Charge profile" decoy=0 target=4237
time="23:29:54" level=info msg="6+ Charge profile" decoy=0 target=0
time="23:30:05" level=info msg="Database search results" ions=749455 peptides=600355 psms=4450942
time="23:30:11" level=info msg="Converged to 0.00 % FDR with 4450942 PSMs" decoy=0 threshold=0.05 total=4450942
time="23:30:12" level=info msg="Converged to 0.00 % FDR with 600355 Peptides" decoy=0 threshold=0.05 total=600355
time="23:30:12" level=info msg="Converged to 0.00 % FDR with 749455 Ions" decoy=0 threshold=0.05 total=749455
time="23:30:12" level=info msg="Protein inference results" decoy=9394 target=178091
time="23:30:16" level=info msg="Converged to 0.31 % FDR with 137841 Proteins" decoy=498 threshold=0 total=138339
time="23:30:45" level=info msg="Applying sequential FDR estimation" ions=732303 peptides=583703 psms=4431421
time="23:30:49" level=info msg="4431421 PSMs" decoy=0 threshold=0.05 total=4431421
time="23:30:50" level=info msg="583703 Peptides" decoy=0 threshold=0.0501 total=583703
time="23:30:51" level=info msg="732303 Ions" decoy=0 threshold=0.05 total=732303
time="23:30:51" level=info msg="Post processing identifications"
time="23:31:52" level=info msg="Assigning protein identifications to layers"
time="23:39:21" level=info msg="Processing protein inference"
time="23:39:49" level=info msg="Synchronizing PSMs and proteins"
time="23:40:49" level=info msg="Final report numbers after FDR filtering, and post-processing" ions=731747 peptides=583184 proteins=137841 psms=4430497
time="23:40:49" level=info msg=Saving
time="23:41:47" level=info msg=Done
