time="11:02:44" level=info msg="Executing Filter  v5.1.3"
time="11:02:44" level=info msg="Processing peptide identification files"
time="11:02:44" level=info msg="Parsing C:\\Users\\Delphine_2026\\FragPipe_results\\palea_run01\\interact-PALEA-r012.pep.xml"
time="11:02:44" level=info msg="Parsing C:\\Users\\Delphine_2026\\FragPipe_results\\palea_run01\\interact-PALEA-r001.pep.xml"
time="11:02:44" level=info msg="Parsing C:\\Users\\Delphine_2026\\FragPipe_results\\palea_run01\\interact-PALEA-r002.pep.xml"
time="11:02:44" level=info msg="Parsing C:\\Users\\Delphine_2026\\FragPipe_results\\palea_run01\\interact-PALEA-r003.pep.xml"
time="11:02:45" level=info msg="Parsing C:\\Users\\Delphine_2026\\FragPipe_results\\palea_run01\\interact-PALEA-r004.pep.xml"
time="11:02:45" level=info msg="Parsing C:\\Users\\Delphine_2026\\FragPipe_results\\palea_run01\\interact-PALEA-r005.pep.xml"
time="11:02:45" level=info msg="Parsing C:\\Users\\Delphine_2026\\FragPipe_results\\palea_run01\\interact-PALEA-r006.pep.xml"
time="11:02:45" level=info msg="Parsing C:\\Users\\Delphine_2026\\FragPipe_results\\palea_run01\\interact-PALEA-r007.pep.xml"
time="11:02:46" level=info msg="Parsing C:\\Users\\Delphine_2026\\FragPipe_results\\palea_run01\\interact-PALEA-r008.pep.xml"
time="11:02:46" level=info msg="Parsing C:\\Users\\Delphine_2026\\FragPipe_results\\palea_run01\\interact-PALEA-r009.pep.xml"
time="11:02:46" level=info msg="Parsing C:\\Users\\Delphine_2026\\FragPipe_results\\palea_run01\\interact-PALEA-r010.pep.xml"
time="11:02:48" level=info msg="1+ Charge profile" decoy=0 target=0
time="11:02:48" level=info msg="2+ Charge profile" decoy=0 target=47491
time="11:02:48" level=info msg="3+ Charge profile" decoy=0 target=38153
time="11:02:48" level=info msg="4+ Charge profile" decoy=0 target=15850
time="11:02:48" level=info msg="5+ Charge profile" decoy=0 target=6588
time="11:02:48" level=info msg="6+ Charge profile" decoy=0 target=0
time="11:02:48" level=info msg="Database search results" ions=26985 peptides=21905 psms=108082
time="11:02:48" level=info msg="Converged to 0.00 % FDR with 108082 PSMs" decoy=0 threshold=0.05 total=108082
time="11:02:48" level=info msg="Converged to 0.00 % FDR with 21904 Peptides" decoy=0 threshold=0.0501 total=21904
time="11:02:48" level=info msg="Converged to 0.00 % FDR with 26984 Ions" decoy=0 threshold=0.0501 total=26984
time="11:02:48" level=info msg="Protein inference results" decoy=185 target=11445
time="11:02:48" level=info msg="Converged to 0.12 % FDR with 6942 Proteins" decoy=10 threshold=0 total=6952
time="11:02:49" level=info msg="Applying sequential FDR estimation" ions=26864 peptides=21784 psms=107950
time="11:02:49" level=info msg="107950 PSMs" decoy=0 threshold=0.0501 total=107950
time="11:02:49" level=info msg="21784 Peptides" decoy=0 threshold=0.0501 total=21784
time="11:02:49" level=info msg="26864 Ions" decoy=0 threshold=0.0501 total=26864
time="11:02:49" level=info msg="Post processing identifications"
time="11:02:50" level=info msg="Assigning protein identifications to layers"
time="11:02:59" level=info msg="Processing protein inference"
time="11:02:59" level=info msg="Synchronizing PSMs and proteins"
time="11:03:00" level=info msg="Final report numbers after FDR filtering, and post-processing" ions=26854 peptides=21774 proteins=6942 psms=107813
time="11:03:00" level=info msg=Saving
time="11:03:01" level=info msg=Done
