time="18:55:02" level=info msg="Executing Filter  v5.1.3"
time="18:55:02" level=info msg="Processing peptide identification files"
time="18:55:02" level=info msg="Parsing C:\\Users\\Delphine_2026\\FragPipe_results\\root-exc_run01\\interact-ROOTFRAC9.pep.xml"
time="18:55:02" level=info msg="Parsing C:\\Users\\Delphine_2026\\FragPipe_results\\root-exc_run01\\interact-ROOTFRAC10.pep.xml"
time="18:55:02" level=info msg="Parsing C:\\Users\\Delphine_2026\\FragPipe_results\\root-exc_run01\\interact-ROOTFRAC1.pep.xml"
time="18:55:02" level=info msg="Parsing C:\\Users\\Delphine_2026\\FragPipe_results\\root-exc_run01\\interact-ROOTFRAC4.pep.xml"
time="18:55:03" level=info msg="Parsing C:\\Users\\Delphine_2026\\FragPipe_results\\root-exc_run01\\interact-ROOTFRAC11.pep.xml"
time="18:55:03" level=info msg="Parsing C:\\Users\\Delphine_2026\\FragPipe_results\\root-exc_run01\\interact-ROOTFRAC12.pep.xml"
time="18:55:03" level=info msg="Parsing C:\\Users\\Delphine_2026\\FragPipe_results\\root-exc_run01\\interact-ROOTFRAC2.pep.xml"
time="18:55:03" level=info msg="Parsing C:\\Users\\Delphine_2026\\FragPipe_results\\root-exc_run01\\interact-ROOTFRAC3.pep.xml"
time="18:55:03" level=info msg="Parsing C:\\Users\\Delphine_2026\\FragPipe_results\\root-exc_run01\\interact-ROOTFRAC6.pep.xml"
time="18:55:03" level=info msg="Parsing C:\\Users\\Delphine_2026\\FragPipe_results\\root-exc_run01\\interact-ROOTFRAC5.pep.xml"
time="18:55:03" level=info msg="Parsing C:\\Users\\Delphine_2026\\FragPipe_results\\root-exc_run01\\interact-ROOTFRAC7.pep.xml"
time="18:55:03" level=info msg="Parsing C:\\Users\\Delphine_2026\\FragPipe_results\\root-exc_run01\\interact-ROOTFRAC8.pep.xml"
time="18:55:05" level=info msg="1+ Charge profile" decoy=0 target=0
time="18:55:05" level=info msg="2+ Charge profile" decoy=0 target=20607
time="18:55:05" level=info msg="3+ Charge profile" decoy=0 target=13116
time="18:55:05" level=info msg="4+ Charge profile" decoy=0 target=3570
time="18:55:05" level=info msg="5+ Charge profile" decoy=0 target=1248
time="18:55:05" level=info msg="6+ Charge profile" decoy=0 target=0
time="18:55:05" level=info msg="Database search results" ions=24593 peptides=21764 psms=38541
time="18:55:05" level=info msg="Converged to 0.00 % FDR with 38541 PSMs" decoy=0 threshold=0.05 total=38541
time="18:55:05" level=info msg="Converged to 0.00 % FDR with 21764 Peptides" decoy=0 threshold=0.05 total=21764
time="18:55:05" level=info msg="Converged to 0.00 % FDR with 24593 Ions" decoy=0 threshold=0.05 total=24593
time="18:55:05" level=info msg="Protein inference results" decoy=267 target=13852
time="18:55:05" level=info msg="Converged to 0.19 % FDR with 10309 Proteins" decoy=25 threshold=0 total=10334
time="18:55:06" level=info msg="Applying sequential FDR estimation" ions=24180 peptides=21355 psms=38111
time="18:55:06" level=info msg="38110 PSMs" decoy=0 threshold=0.0501 total=38110
time="18:55:06" level=info msg="21355 Peptides" decoy=0 threshold=0.0501 total=21355
time="18:55:06" level=info msg="24179 Ions" decoy=0 threshold=0.0501 total=24179
time="18:55:06" level=info msg="Post processing identifications"
time="18:55:06" level=info msg="Assigning protein identifications to layers"
time="18:55:10" level=info msg="Processing protein inference"
time="18:55:10" level=info msg="Synchronizing PSMs and proteins"
time="18:55:11" level=info msg="Final report numbers after FDR filtering, and post-processing" ions=24153 peptides=21329 proteins=10309 psms=38079
time="18:55:11" level=info msg=Saving
time="18:55:11" level=info msg=Done
